Archive member included to satisfy reference by file (symbol)

c:/program files (x86)/atmel/studio/7.0/toolchain/avr8/avr8-gnu-toolchain/bin/../lib/gcc/avr/4.9.2/../../../../avr/lib/avr5\libm.a(addsf3.o)
                              src/Print.o (__subsf3)
c:/program files (x86)/atmel/studio/7.0/toolchain/avr8/avr8-gnu-toolchain/bin/../lib/gcc/avr/4.9.2/../../../../avr/lib/avr5\libm.a(addsf3x.o)
                              c:/program files (x86)/atmel/studio/7.0/toolchain/avr8/avr8-gnu-toolchain/bin/../lib/gcc/avr/4.9.2/../../../../avr/lib/avr5\libm.a(addsf3.o) (__addsf3x)
c:/program files (x86)/atmel/studio/7.0/toolchain/avr8/avr8-gnu-toolchain/bin/../lib/gcc/avr/4.9.2/../../../../avr/lib/avr5\libm.a(cmpsf2.o)
                              src/Print.o (__ltsf2)
c:/program files (x86)/atmel/studio/7.0/toolchain/avr8/avr8-gnu-toolchain/bin/../lib/gcc/avr/4.9.2/../../../../avr/lib/avr5\libm.a(divsf3.o)
                              src/Print.o (__divsf3)
c:/program files (x86)/atmel/studio/7.0/toolchain/avr8/avr8-gnu-toolchain/bin/../lib/gcc/avr/4.9.2/../../../../avr/lib/avr5\libm.a(divsf3x.o)
                              c:/program files (x86)/atmel/studio/7.0/toolchain/avr8/avr8-gnu-toolchain/bin/../lib/gcc/avr/4.9.2/../../../../avr/lib/avr5\libm.a(divsf3.o) (__divsf3x)
c:/program files (x86)/atmel/studio/7.0/toolchain/avr8/avr8-gnu-toolchain/bin/../lib/gcc/avr/4.9.2/../../../../avr/lib/avr5\libm.a(fixsfsi.o)
                              src/Print.o (__fixsfsi)
c:/program files (x86)/atmel/studio/7.0/toolchain/avr8/avr8-gnu-toolchain/bin/../lib/gcc/avr/4.9.2/../../../../avr/lib/avr5\libm.a(fixunssfsi.o)
                              src/Print.o (__fixunssfsi)
c:/program files (x86)/atmel/studio/7.0/toolchain/avr8/avr8-gnu-toolchain/bin/../lib/gcc/avr/4.9.2/../../../../avr/lib/avr5\libm.a(floatsisf.o)
                              src/Print.o (__floatunsisf)
c:/program files (x86)/atmel/studio/7.0/toolchain/avr8/avr8-gnu-toolchain/bin/../lib/gcc/avr/4.9.2/../../../../avr/lib/avr5\libm.a(fp_cmp.o)
                              c:/program files (x86)/atmel/studio/7.0/toolchain/avr8/avr8-gnu-toolchain/bin/../lib/gcc/avr/4.9.2/../../../../avr/lib/avr5\libm.a(cmpsf2.o) (__fp_cmp)
c:/program files (x86)/atmel/studio/7.0/toolchain/avr8/avr8-gnu-toolchain/bin/../lib/gcc/avr/4.9.2/../../../../avr/lib/avr5\libm.a(fp_inf.o)
                              c:/program files (x86)/atmel/studio/7.0/toolchain/avr8/avr8-gnu-toolchain/bin/../lib/gcc/avr/4.9.2/../../../../avr/lib/avr5\libm.a(addsf3x.o) (__fp_inf)
c:/program files (x86)/atmel/studio/7.0/toolchain/avr8/avr8-gnu-toolchain/bin/../lib/gcc/avr/4.9.2/../../../../avr/lib/avr5\libm.a(fp_nan.o)
                              c:/program files (x86)/atmel/studio/7.0/toolchain/avr8/avr8-gnu-toolchain/bin/../lib/gcc/avr/4.9.2/../../../../avr/lib/avr5\libm.a(addsf3x.o) (__fp_nan)
c:/program files (x86)/atmel/studio/7.0/toolchain/avr8/avr8-gnu-toolchain/bin/../lib/gcc/avr/4.9.2/../../../../avr/lib/avr5\libm.a(fp_pscA.o)
                              c:/program files (x86)/atmel/studio/7.0/toolchain/avr8/avr8-gnu-toolchain/bin/../lib/gcc/avr/4.9.2/../../../../avr/lib/avr5\libm.a(addsf3x.o) (__fp_pscA)
c:/program files (x86)/atmel/studio/7.0/toolchain/avr8/avr8-gnu-toolchain/bin/../lib/gcc/avr/4.9.2/../../../../avr/lib/avr5\libm.a(fp_pscB.o)
                              c:/program files (x86)/atmel/studio/7.0/toolchain/avr8/avr8-gnu-toolchain/bin/../lib/gcc/avr/4.9.2/../../../../avr/lib/avr5\libm.a(addsf3x.o) (__fp_pscB)
c:/program files (x86)/atmel/studio/7.0/toolchain/avr8/avr8-gnu-toolchain/bin/../lib/gcc/avr/4.9.2/../../../../avr/lib/avr5\libm.a(fp_round.o)
                              c:/program files (x86)/atmel/studio/7.0/toolchain/avr8/avr8-gnu-toolchain/bin/../lib/gcc/avr/4.9.2/../../../../avr/lib/avr5\libm.a(addsf3.o) (__fp_round)
c:/program files (x86)/atmel/studio/7.0/toolchain/avr8/avr8-gnu-toolchain/bin/../lib/gcc/avr/4.9.2/../../../../avr/lib/avr5\libm.a(fp_split3.o)
                              c:/program files (x86)/atmel/studio/7.0/toolchain/avr8/avr8-gnu-toolchain/bin/../lib/gcc/avr/4.9.2/../../../../avr/lib/avr5\libm.a(addsf3x.o) (__fp_split3)
c:/program files (x86)/atmel/studio/7.0/toolchain/avr8/avr8-gnu-toolchain/bin/../lib/gcc/avr/4.9.2/../../../../avr/lib/avr5\libm.a(fp_zero.o)
                              c:/program files (x86)/atmel/studio/7.0/toolchain/avr8/avr8-gnu-toolchain/bin/../lib/gcc/avr/4.9.2/../../../../avr/lib/avr5\libm.a(addsf3x.o) (__fp_zero)
c:/program files (x86)/atmel/studio/7.0/toolchain/avr8/avr8-gnu-toolchain/bin/../lib/gcc/avr/4.9.2/../../../../avr/lib/avr5\libm.a(gesf2.o)
                              src/Print.o (__gtsf2)
c:/program files (x86)/atmel/studio/7.0/toolchain/avr8/avr8-gnu-toolchain/bin/../lib/gcc/avr/4.9.2/../../../../avr/lib/avr5\libm.a(mulsf3.o)
                              src/Print.o (__mulsf3)
[...]
Memory Configuration

Name             Origin             Length             Attributes
text             0x00000000         0x00020000         xr
data             0x00800060         0x0000ffa0         rw !x
eeprom           0x00810000         0x00010000         rw !x
fuse             0x00820000         0x00000400         rw !x
lock             0x00830000         0x00000400         rw !x
signature        0x00840000         0x00000400         rw !x
user_signatures  0x00850000         0x00000400         rw !x
*default*        0x00000000         0xffffffff

Linker script and memory map

Address of section .data set to 0x800100
LOAD C:/Program Files (x86)/Atmel/Studio/7.0/Packs/atmel/ATmega_DFP/1.0.90/gcc/dev/atmega328p/avr5/crtatmega328p.o
LOAD Sketch.o
LOAD src/abi.o
LOAD src/CDC.o
LOAD src/HardwareSerial.o
LOAD src/HardwareSerial0.o
LOAD src/HardwareSerial1.o
LOAD src/HardwareSerial2.o
LOAD src/HardwareSerial3.o
LOAD src/HID.o
LOAD src/hooks.o
LOAD src/IPAddress.o
LOAD src/main.o
LOAD src/new.o
LOAD src/Print.o
LOAD src/Stream.o
LOAD src/Tone.o
LOAD src/USBCore.o
LOAD src/WInterrupts.o
LOAD src/wiring.o
LOAD src/wiring_analog.o
LOAD src/wiring_digital.o
LOAD src/wiring_pulse.o
LOAD src/wiring_shift.o
LOAD src/WMath.o
LOAD src/WString.o
START GROUP
LOAD c:/program files (x86)/atmel/studio/7.0/toolchain/avr8/avr8-gnu-toolchain/bin/../lib/gcc/avr/4.9.2/../../../../avr/lib/avr5\libm.a
END GROUP
LOAD c:/program files (x86)/atmel/studio/7.0/toolchain/avr8/avr8-gnu-toolchain/bin/../lib/gcc/avr/4.9.2/avr5\libgcc.a
LOAD c:/program files (x86)/atmel/studio/7.0/toolchain/avr8/avr8-gnu-toolchain/bin/../lib/gcc/avr/4.9.2/../../../../avr/lib/avr5\libm.a
START GROUP
LOAD c:/program files (x86)/atmel/studio/7.0/toolchain/avr8/avr8-gnu-toolchain/bin/../lib/gcc/avr/4.9.2/avr5\libgcc.a
LOAD c:/program files (x86)/atmel/studio/7.0/toolchain/avr8/avr8-gnu-toolchain/bin/../lib/gcc/avr/4.9.2/../../../../avr/lib/avr5\libm.a
LOAD c:/program files (x86)/atmel/studio/7.0/toolchain/avr8/avr8-gnu-toolchain/bin/../lib/gcc/avr/4.9.2/../../../../avr/lib/avr5\libc.a
LOAD C:/Program Files (x86)/Atmel/Studio/7.0/Packs/atmel/ATmega_DFP/1.0.90/gcc/dev/atmega328p/avr5\libatmega328p.a
END GROUP

.hash
 *(.hash)

.dynsym
 *(.dynsym)

.dynstr
 *(.dynstr)

.gnu.version
 *(.gnu.version)

.gnu.version_d
 *(.gnu.version_d)

.gnu.version_r
 *(.gnu.version_r)

.rel.init
 *(.rel.init)

.rela.init
 *(.rela.init)

.rel.text
 *(.rel.text)
 *(.rel.text.*)
 *(.rel.gnu.linkonce.t*)

.rela.text
 *(.rela.text)
 *(.rela.text.*)
 *(.rela.gnu.linkonce.t*)

.rel.fini
 *(.rel.fini)

.rela.fini
 *(.rela.fini)

.rel.rodata
 *(.rel.rodata)
 *(.rel.rodata.*)
 *(.rel.gnu.linkonce.r*)

.rela.rodata
 *(.rela.rodata)
 *(.rela.rodata.*)
 *(.rela.gnu.linkonce.r*)

.rel.data
 *(.rel.data)
 *(.rel.data.*)
 *(.rel.gnu.linkonce.d*)

.rela.data
 *(.rela.data)
 *(.rela.data.*)
 *(.rela.gnu.linkonce.d*)

.rel.ctors
 *(.rel.ctors)

.rela.ctors
 *(.rela.ctors)

.rel.dtors
 *(.rel.dtors)

.rela.dtors
 *(.rela.dtors)

.rel.got
 *(.rel.got)

.rela.got
 *(.rela.got)

.rel.bss
 *(.rel.bss)

.rela.bss
 *(.rela.bss)

.rel.plt
 *(.rel.plt)

.rela.plt
 *(.rela.plt)

.text           0x00000000      0xe64
 *(.vectors)
 .vectors       0x00000000       0x68 C:/Program Files (x86)/Atmel/Studio/7.0/Packs/atmel/ATmega_DFP/1.0.90/gcc/dev/atmega328p/avr5/crtatmega328p.o
                0x00000000                __vector_default
                0x00000000                __vectors
 *(.vectors)
 *(.progmem.gcc*)
                0x00000068                . = ALIGN (0x2)
                0x00000068                __trampolines_start = .
 *(.trampolines)
 .trampolines   0x00000068        0x0 linker stubs
 *(.trampolines*)
                0x00000068                __trampolines_end = .
 *(.progmem*)
 .progmem.data._ZL21tone_pin_to_timer_PGM
                0x00000068        0x1 src/Tone.o
 .progmem.data.digital_pin_to_timer_PGM
                0x00000069       0x14 src/wiring_digital.o
                0x00000069                digital_pin_to_timer_PGM
 .progmem.data.digital_pin_to_bit_mask_PGM
                0x0000007d       0x14 src/wiring_digital.o
                0x0000007d                digital_pin_to_bit_mask_PGM
 .progmem.data.digital_pin_to_port_PGM
                0x00000091       0x14 src/wiring_digital.o
                0x00000091                digital_pin_to_port_PGM
 .progmem.data.port_to_output_PGM
                0x000000a5        0xa src/wiring_digital.o
                0x000000a5                port_to_output_PGM
 .progmem.data.port_to_mode_PGM
                0x000000af        0xa src/wiring_digital.o
                0x000000af                port_to_mode_PGM
                0x000000ba                . = ALIGN (0x2)
 *fill*         0x000000b9        0x1 
 *(.jumptables)
 *(.jumptables*)
 *(.lowtext)
 *(.lowtext*)
                0x000000ba                __ctors_start = .
 *(.ctors)
 .ctors         0x000000ba        0x2 src/HardwareSerial0.o
 .ctors         0x000000bc        0x2 src/IPAddress.o
                0x000000be                __ctors_end = .
                0x000000be                __dtors_start = .
 *(.dtors)
                0x000000be                __dtors_end = .
 SORT(*)(.ctors)
 SORT(*)(.dtors)
 *(.init0)
 .init0         0x000000be        0x0 C:/Program Files (x86)/Atmel/Studio/7.0/Packs/atmel/ATmega_DFP/1.0.90/gcc/dev/atmega328p/avr5/crtatmega328p.o
                0x000000be                __init
 *(.init0)
 *(.init1)
 *(.init1)
 *(.init2)
 .init2         0x000000be        0xc C:/Program Files (x86)/Atmel/Studio/7.0/Packs/atmel/ATmega_DFP/1.0.90/gcc/dev/atmega328p/avr5/crtatmega328p.o
 *(.init2)
 *(.init3)
 *(.init3)
 *(.init4)
 .init4         0x000000ca       0x16 c:/program files (x86)/atmel/studio/7.0/toolchain/avr8/avr8-gnu-toolchain/bin/../lib/gcc/avr/4.9.2/avr5\libgcc.a(_copy_data.o)
                0x000000ca                __do_copy_data
 .init4         0x000000e0       0x10 c:/program files (x86)/atmel/studio/7.0/toolchain/avr8/avr8-gnu-toolchain/bin/../lib/gcc/avr/4.9.2/avr5\libgcc.a(_clear_bss.o)
                0x000000e0                __do_clear_bss
 *(.init4)
 *(.init5)
 *(.init5)
 *(.init6)
 .init6         0x000000f0       0x16 c:/program files (x86)/atmel/studio/7.0/toolchain/avr8/avr8-gnu-toolchain/bin/../lib/gcc/avr/4.9.2/avr5\libgcc.a(_ctors.o)
                0x000000f0                __do_global_ctors
 *(.init6)
 *(.init7)
 *(.init7)
 *(.init8)
 *(.init8)
 *(.init9)
 .init9         0x00000106        0x8 C:/Program Files (x86)/Atmel/Studio/7.0/Packs/atmel/ATmega_DFP/1.0.90/gcc/dev/atmega328p/avr5/crtatmega328p.o
 *(.init9)
 *(.text)
 .text          0x0000010e        0x4 C:/Program Files (x86)/Atmel/Studio/7.0/Packs/atmel/ATmega_DFP/1.0.90/gcc/dev/atmega328p/avr5/crtatmega328p.o
                0x0000010e                __vector_22
                0x0000010e                __vector_24
                0x0000010e                __vector_12
                0x0000010e                __bad_interrupt
                0x0000010e                __vector_6
                0x0000010e                __vector_3
                0x0000010e                __vector_23
                0x0000010e                __vector_25
                0x0000010e                __vector_11
                0x0000010e                __vector_13
                0x0000010e                __vector_17
                0x0000010e                __vector_5
                0x0000010e                __vector_4
                0x0000010e                __vector_9
                0x0000010e                __vector_21
                0x0000010e                __vector_15
                0x0000010e                __vector_8
                0x0000010e                __vector_14
                0x0000010e                __vector_10
                0x0000010e                __vector_20
                0x00000112                . = ALIGN (0x2)
 *(.text.*)
 .text.setup    0x00000112       0x58 Sketch.o
                0x00000112                setup
 .text._Z11matrizWritehh
                0x0000016a       0x46 Sketch.o
                0x0000016a                _Z11matrizWritehh
 .text._Z12matrixTurnOnv
                0x000001b0       0xfc Sketch.o
                0x000001b0                _Z12matrixTurnOnv
 .text.loop     0x000002ac        0x6 Sketch.o
                0x000002ac                loop
 .text._ZN14HardwareSerial9availableEv
                0x000002b2       0x18 src/HardwareSerial.o
                0x000002b2                _ZN14HardwareSerial9availableEv
 .text._ZN14HardwareSerial4peekEv
                0x000002ca       0x1c src/HardwareSerial.o
                0x000002ca                _ZN14HardwareSerial4peekEv
 .text._ZN14HardwareSerial4readEv
                0x000002e6       0x28 src/HardwareSerial.o
                0x000002e6                _ZN14HardwareSerial4readEv
 .text._Z14serialEventRunv
                0x0000030e       0x1c src/HardwareSerial.o
                0x0000030e                _Z14serialEventRunv
 .text._ZN14HardwareSerial17_tx_udr_empty_irqEv
                0x0000032a       0x54 src/HardwareSerial.o
                0x0000032a                _ZN14HardwareSerial17_tx_udr_empty_irqEv
 .text._ZN14HardwareSerial5flushEv
                0x0000037e       0x44 src/HardwareSerial.o
                0x0000037e                _ZN14HardwareSerial5flushEv
 .text._ZN14HardwareSerial5writeEh
                0x000003c2       0x9e src/HardwareSerial.o
                0x000003c2                _ZN14HardwareSerial5writeEh
 .text._ZN14HardwareSerial5beginEmh
                0x00000460       0xd2 src/HardwareSerial.o
                0x00000460                _ZN14HardwareSerial5beginEmh
 .text.__vector_18
                0x00000532       0x70 src/HardwareSerial0.o
                0x00000532                __vector_18
 .text.__vector_19
                0x000005a2       0x4c src/HardwareSerial0.o
                0x000005a2                __vector_19
 .text._Z17Serial0_availablev
                0x000005ee       0x14 src/HardwareSerial0.o
                0x000005ee                _Z17Serial0_availablev
 .text._GLOBAL__sub_I___vector_18
                0x00000602       0x5a src/HardwareSerial0.o
 .text.__empty  0x0000065c        0x2 src/hooks.o
                0x0000065c                yield
 .text._ZNK9IPAddress7printToER5Print
                0x0000065e       0x84 src/IPAddress.o
                0x0000065e                _ZNK9IPAddress7printToER5Print
 .text._GLOBAL__sub_I__ZN9IPAddressC2Ev
                0x000006e2       0x16 src/IPAddress.o
 .text.initVariant
                0x000006f8        0x2 src/main.o
                0x000006f8                initVariant
 .text.main     0x000006fa       0x1e src/main.o
                0x000006fa                main
 .text._ZN5Print5writeEPKhj
                0x00000718       0x5a src/Print.o
                0x00000718                _ZN5Print5writeEPKhj
 .text._ZN5Print5printEPKc
                0x00000772       0x2c src/Print.o
                0x00000772                _ZN5Print5printEPKc
 .text._ZN5Print5printEc
                0x0000079e       0x10 src/Print.o
                0x0000079e                _ZN5Print5printEc
 .text._ZN5Print11printNumberEmh
                0x000007ae       0xe6 src/Print.o
                0x000007ae                _ZN5Print11printNumberEmh
 .text._ZN5Print5printEmi
                0x00000894       0x1e src/Print.o
                0x00000894                _ZN5Print5printEmi
 .text._ZN5Print5printEhi
                0x000008b2       0x10 src/Print.o
                0x000008b2                _ZN5Print5printEhi
 .text._Z12disableTimerh
                0x000008c2       0x40 src/Tone.o
                0x000008c2                _Z12disableTimerh
 .text._Z6noToneh
                0x00000902       0x2e src/Tone.o
                0x00000902                _Z6noToneh
 .text.__vector_7
                0x00000930       0xb8 src/Tone.o
                0x00000930                __vector_7
 .text.__vector_1
                0x000009e8       0x5a src/WInterrupts.o
                0x000009e8                __vector_1
 .text.__vector_2
                0x00000a42       0x5a src/WInterrupts.o
                0x00000a42                __vector_2
 .text.__vector_16
                0x00000a9c       0x94 src/wiring.o
                0x00000a9c                __vector_16
 .text.micros   0x00000b30       0x4c src/wiring.o
                0x00000b30                micros
 .text.delay    0x00000b7c       0x58 src/wiring.o
                0x00000b7c                delay
 .text.init     0x00000bd4       0x76 src/wiring.o
                0x00000bd4                init
 .text.turnOffPWM
                0x00000c4a       0x5e src/wiring_digital.o
 .text.pinMode  0x00000ca8       0x7e src/wiring_digital.o
                0x00000ca8                pinMode
 .text.digitalWrite
                0x00000d26       0x62 src/wiring_digital.o
                0x00000d26                digitalWrite
 .text.shiftOut
                0x00000d88       0x88 src/wiring_shift.o
                0x00000d88                shiftOut
 .text.libgcc.div
                0x00000e10       0x44 c:/program files (x86)/atmel/studio/7.0/toolchain/avr8/avr8-gnu-toolchain/bin/../lib/gcc/avr/4.9.2/avr5\libgcc.a(_udivmodsi4.o)
                0x00000e10                __udivmodsi4
 .text.libgcc   0x00000e54        0xc c:/program files (x86)/atmel/studio/7.0/toolchain/avr8/avr8-gnu-toolchain/bin/../lib/gcc/avr/4.9.2/avr5\libgcc.a(_tablejump2.o)
                0x00000e54                __tablejump2__
                0x00000e60                . = ALIGN (0x2)
 *(.fini9)
 .fini9         0x00000e60        0x0 c:/program files (x86)/atmel/studio/7.0/toolchain/avr8/avr8-gnu-toolchain/bin/../lib/gcc/avr/4.9.2/avr5\libgcc.a(_exit.o)
                0x00000e60                _exit
                0x00000e60                exit
 *(.fini9)
 *(.fini8)
 *(.fini8)
 *(.fini7)
 *(.fini7)
 *(.fini6)
 *(.fini6)
 *(.fini5)
 *(.fini5)
 *(.fini4)
 *(.fini4)
 *(.fini3)
 *(.fini3)
 *(.fini2)
 *(.fini2)
 *(.fini1)
 *(.fini1)
 *(.fini0)
 .fini0         0x00000e60        0x4 c:/program files (x86)/atmel/studio/7.0/toolchain/avr8/avr8-gnu-toolchain/bin/../lib/gcc/avr/4.9.2/avr5\libgcc.a(_exit.o)
 *(.fini0)
                0x00000e64                _etext = .

.data           0x00800100       0x66 load address 0x00000e64
                0x00800100                PROVIDE (__data_start, .)
 *(.data)
 *(.data*)
 .data.a        0x00800100       0x40 Sketch.o
                0x00800100                a
 .data._ZL9tone_pins
                0x00800140        0x1 src/Tone.o
 *(.rodata)
 .rodata        0x00800141        0x8 Sketch.o
 *(.rodata*)
 .rodata.str1.1
                0x00800149        0x7 Sketch.o
 .rodata._ZTV14HardwareSerial
                0x00800150       0x10 src/HardwareSerial.o
                0x00800150                _ZTV14HardwareSerial
 .rodata._ZTV9IPAddress
                0x00800160        0x6 src/IPAddress.o
                0x00800160                _ZTV9IPAddress
 *(.gnu.linkonce.d*)
                0x00800166                . = ALIGN (0x2)
                0x00800166                _edata = .
                0x00800166                PROVIDE (__data_end, .)

.bss            0x00800166       0xb7
                0x00800166                PROVIDE (__bss_start, .)
 *(.bss)
 *(.bss*)
 .bss.Serial    0x00800166       0x9d src/HardwareSerial0.o
                0x00800166                Serial
 .bss._ZL11INADDR_NONE
                0x00800203        0x6 src/IPAddress.o
 .bss.timer2_pin_mask
                0x00800209        0x1 src/Tone.o
                0x00800209                timer2_pin_mask
 .bss.timer2_pin_port
                0x0080020a        0x2 src/Tone.o
                0x0080020a                timer2_pin_port
 .bss.timer2_toggle_count
                0x0080020c        0x4 src/Tone.o
                0x0080020c                timer2_toggle_count
 .bss.intFunc   0x00800210        0x4 src/WInterrupts.o
 .bss.timer0_fract
                0x00800214        0x1 src/wiring.o
 .bss.timer0_millis
                0x00800215        0x4 src/wiring.o
                0x00800215                timer0_millis
 .bss.timer0_overflow_count
                0x00800219        0x4 src/wiring.o
                0x00800219                timer0_overflow_count
 *(COMMON)
                0x0080021d                PROVIDE (__bss_end, .)
                0x00000e64                __data_load_start = LOADADDR (.data)
                0x00000eca                __data_load_end = (__data_load_start + SIZEOF (.data))

.noinit         0x0080021d        0x0
                0x0080021d                PROVIDE (__noinit_start, .)
 *(.noinit*)
                0x0080021d                PROVIDE (__noinit_end, .)
                0x0080021d                _end = .
                0x0080021d                PROVIDE (__heap_start, .)

.eeprom         0x00810000        0x0
 *(.eeprom*)
                0x00810000                __eeprom_end = .

.fuse
 *(.fuse)
 *(.lfuse)
 *(.hfuse)
 *(.efuse)

.lock
 *(.lock*)

.signature
 *(.signature*)

.user_signatures
 *(.user_signatures*)

.stab
 *(.stab)

.stabstr
 *(.stabstr)

.stab.excl
 *(.stab.excl)

.stab.exclstr
 *(.stab.exclstr)

.stab.index
 *(.stab.index)

.stab.indexstr
 *(.stab.indexstr)

.comment        0x00000000       0x30
 *(.comment)
 .comment       0x00000000       0x30 Sketch.o
                                 0x31 (size before relaxing)
 .comment       0x00000030       0x31 src/HardwareSerial.o
 .comment       0x00000030       0x31 src/HardwareSerial0.o
 .comment       0x00000030       0x31 src/hooks.o
 .comment       0x00000030       0x31 src/IPAddress.o
 .comment       0x00000030       0x31 src/main.o
 .comment       0x00000030       0x31 src/Print.o
 .comment       0x00000030       0x31 src/Tone.o
 .comment       0x00000030       0x31 src/WInterrupts.o
 .comment       0x00000030       0x31 src/wiring.o
 .comment       0x00000030       0x31 src/wiring_digital.o
 .comment       0x00000030       0x31 src/wiring_shift.o

.note.gnu.avr.deviceinfo
                0x00000000       0x40
 .note.gnu.avr.deviceinfo
                0x00000000       0x40 C:/Program Files (x86)/Atmel/Studio/7.0/Packs/atmel/ATmega_DFP/1.0.90/gcc/dev/atmega328p/avr5/crtatmega328p.o

.note.gnu.build-id
 *(.note.gnu.build-id)

.debug
 *(.debug)

.line
 *(.line)

.debug_srcinfo
 *(.debug_srcinfo)

.debug_sfnames
 *(.debug_sfnames)

.debug_aranges  0x00000000      0x3a0
 *(.debug_aranges)
 .debug_aranges
                0x00000000       0x50 Sketch.o
 .debug_aranges
                0x00000050       0x68 src/HardwareSerial.o
 .debug_aranges
                0x000000b8       0x38 src/HardwareSerial0.o
 .debug_aranges
                0x000000f0       0x20 src/hooks.o
 .debug_aranges
                0x00000110       0x60 src/IPAddress.o
 .debug_aranges
                0x00000170       0x30 src/main.o
 .debug_aranges
                0x000001a0       0xe8 src/Print.o
 .debug_aranges
                0x00000288       0x38 src/Tone.o
 .debug_aranges
                0x000002c0       0x38 src/WInterrupts.o
 .debug_aranges
                0x000002f8       0x48 src/wiring.o
 .debug_aranges
                0x00000340       0x38 src/wiring_digital.o
 .debug_aranges
                0x00000378       0x28 src/wiring_shift.o

.debug_pubnames
 *(.debug_pubnames)

.debug_info     0x00000000     0x7ee5
 *(.debug_info .gnu.linkonce.wi.*)
 .debug_info    0x00000000      0x780 Sketch.o
 .debug_info    0x00000780     0x1a4d src/HardwareSerial.o
 .debug_info    0x000021cd     0x1724 src/HardwareSerial0.o
 .debug_info    0x000038f1       0x3e src/hooks.o
 .debug_info    0x0000392f      0x98f src/IPAddress.o
 .debug_info    0x000042be      0x1ed src/main.o
 .debug_info    0x000044ab     0x25a5 src/Print.o
 .debug_info    0x00006a50      0x73f src/Tone.o
 .debug_info    0x0000718f      0x200 src/WInterrupts.o
 .debug_info    0x0000738f      0x2bb src/wiring.o
 .debug_info    0x0000764a      0x5d6 src/wiring_digital.o
 .debug_info    0x00007c20      0x2c5 src/wiring_shift.o

.debug_abbrev   0x00000000     0x1824
 *(.debug_abbrev)
 .debug_abbrev  0x00000000      0x279 Sketch.o
 .debug_abbrev  0x00000279      0x370 src/HardwareSerial.o
 .debug_abbrev  0x000005e9      0x35d src/HardwareSerial0.o
 .debug_abbrev  0x00000946       0x2a src/hooks.o
 .debug_abbrev  0x00000970      0x33d src/IPAddress.o
 .debug_abbrev  0x00000cad       0xd1 src/main.o
 .debug_abbrev  0x00000d7e      0x3b0 src/Print.o
 .debug_abbrev  0x0000112e      0x261 src/Tone.o
 .debug_abbrev  0x0000138f       0xe6 src/WInterrupts.o
 .debug_abbrev  0x00001475      0x145 src/wiring.o
 .debug_abbrev  0x000015ba      0x149 src/wiring_digital.o
 .debug_abbrev  0x00001703      0x121 src/wiring_shift.o

.debug_line     0x00000000     0x165c
 *(.debug_line .debug_line.* .debug_line_end)
 .debug_line    0x00000000      0x28b Sketch.o
 .debug_line    0x0000028b      0x2ea src/HardwareSerial.o
 .debug_line    0x00000575      0x211 src/HardwareSerial0.o
 .debug_line    0x00000786       0x3b src/hooks.o
 .debug_line    0x000007c1      0x231 src/IPAddress.o
 .debug_line    0x000009f2      0x12e src/main.o
 .debug_line    0x00000b20      0x40c src/Print.o
 .debug_line    0x00000f2c      0x1ea src/Tone.o
 .debug_line    0x00001116      0x147 src/WInterrupts.o
 .debug_line    0x0000125d      0x194 src/wiring.o
 .debug_line    0x000013f1      0x14b src/wiring_digital.o
 .debug_line    0x0000153c      0x120 src/wiring_shift.o

.debug_frame    0x00000000      0xb70
 *(.debug_frame)
 .debug_frame   0x00000000      0x100 Sketch.o
 .debug_frame   0x00000100      0x104 src/HardwareSerial.o
 .debug_frame   0x00000204       0xcc src/HardwareSerial0.o
 .debug_frame   0x000002d0       0x24 src/hooks.o
 .debug_frame   0x000002f4       0xe8 src/IPAddress.o
 .debug_frame   0x000003dc       0x44 src/main.o
 .debug_frame   0x00000420      0x3a8 src/Print.o
 .debug_frame   0x000007c8      0x100 src/Tone.o
 .debug_frame   0x000008c8       0xe4 src/WInterrupts.o
 .debug_frame   0x000009ac       0xbc src/wiring.o
 .debug_frame   0x00000a68       0x7c src/wiring_digital.o
 .debug_frame   0x00000ae4       0x8c src/wiring_shift.o

.debug_str      0x00000000     0x1d1c
 *(.debug_str)
 .debug_str     0x00000000      0x388 Sketch.o
                                0x3da (size before relaxing)
 .debug_str     0x00000388      0xf13 src/HardwareSerial.o
                               0x11d5 (size before relaxing)
 .debug_str     0x0000129b       0x86 src/HardwareSerial0.o
                                0xfcf (size before relaxing)
 .debug_str     0x00001321       0xdd src/hooks.o
                                0x12a (size before relaxing)
 .debug_str     0x000013fe      0x256 src/IPAddress.o
                                0x510 (size before relaxing)
 .debug_str     0x00001654       0x28 src/main.o
                                0x23f (size before relaxing)
 .debug_str     0x0000167c      0x367 src/Print.o
                                0xe75 (size before relaxing)
 .debug_str     0x000019e3      0x196 src/Tone.o
                                0x3d0 (size before relaxing)
 .debug_str     0x00001b79       0x80 src/WInterrupts.o
                                0x21a (size before relaxing)
 .debug_str     0x00001bf9       0x7a src/wiring.o
                                0x22c (size before relaxing)
 .debug_str     0x00001c73       0x6b src/wiring_digital.o
                                0x29a (size before relaxing)
 .debug_str     0x00001cde       0x3e src/wiring_shift.o
                                0x1f7 (size before relaxing)

.debug_loc      0x00000000     0x427e
 *(.debug_loc)
 .debug_loc     0x00000000      0x422 Sketch.o
 .debug_loc     0x00000422      0x447 src/HardwareSerial.o
 .debug_loc     0x00000869      0x17b src/HardwareSerial0.o
 .debug_loc     0x000009e4      0x2c0 src/IPAddress.o
 .debug_loc     0x00000ca4     0x1ddf src/Print.o
 .debug_loc     0x00002a83      0xb12 src/Tone.o
 .debug_loc     0x00003595      0x214 src/WInterrupts.o
 .debug_loc     0x000037a9      0x22a src/wiring.o
 .debug_loc     0x000039d3      0x5c4 src/wiring_digital.o
 .debug_loc     0x00003f97      0x2e7 src/wiring_shift.o

.debug_macinfo
 *(.debug_macinfo)

.debug_weaknames
 *(.debug_weaknames)

.debug_funcnames
 *(.debug_funcnames)

.debug_typenames
 *(.debug_typenames)

.debug_varnames
 *(.debug_varnames)

.debug_pubtypes
 *(.debug_pubtypes)

.debug_ranges   0x00000000      0x328
 *(.debug_ranges)
 .debug_ranges  0x00000000       0x40 Sketch.o
 .debug_ranges  0x00000040       0x58 src/HardwareSerial.o
 .debug_ranges  0x00000098       0x28 src/HardwareSerial0.o
 .debug_ranges  0x000000c0       0x10 src/hooks.o
 .debug_ranges  0x000000d0       0x50 src/IPAddress.o
 .debug_ranges  0x00000120       0x20 src/main.o
 .debug_ranges  0x00000140       0xf0 src/Print.o
 .debug_ranges  0x00000230       0x58 src/Tone.o
 .debug_ranges  0x00000288       0x28 src/WInterrupts.o
 .debug_ranges  0x000002b0       0x38 src/wiring.o
 .debug_ranges  0x000002e8       0x28 src/wiring_digital.o
 .debug_ranges  0x00000310       0x18 src/wiring_shift.o

.debug_macro
 *(.debug_macro)
OUTPUT(ArduinoNano.elf elf32-avr)
LOAD linker stubs
