Archive member included to satisfy reference by file (symbol)

c:/program files (x86)/atmel/studio/7.0/toolchain/avr8/avr8-gnu-toolchain/bin/../lib/gcc/avr/4.9.2/../../../../avr/lib/avr6\libm.a(addsf3.o)
                              src/Print.o (__subsf3)
c:/program files (x86)/atmel/studio/7.0/toolchain/avr8/avr8-gnu-toolchain/bin/../lib/gcc/avr/4.9.2/../../../../avr/lib/avr6\libm.a(addsf3x.o)
                              c:/program files (x86)/atmel/studio/7.0/toolchain/avr8/avr8-gnu-toolchain/bin/../lib/gcc/avr/4.9.2/../../../../avr/lib/avr6\libm.a(addsf3.o) (__addsf3x)
c:/program files (x86)/atmel/studio/7.0/toolchain/avr8/avr8-gnu-toolchain/bin/../lib/gcc/avr/4.9.2/../../../../avr/lib/avr6\libm.a(cmpsf2.o)
                              src/Print.o (__ltsf2)
c:/program files (x86)/atmel/studio/7.0/toolchain/avr8/avr8-gnu-toolchain/bin/../lib/gcc/avr/4.9.2/../../../../avr/lib/avr6\libm.a(divsf3.o)
                              src/Print.o (__divsf3)
c:/program files (x86)/atmel/studio/7.0/toolchain/avr8/avr8-gnu-toolchain/bin/../lib/gcc/avr/4.9.2/../../../../avr/lib/avr6\libm.a(divsf3x.o)
                              c:/program files (x86)/atmel/studio/7.0/toolchain/avr8/avr8-gnu-toolchain/bin/../lib/gcc/avr/4.9.2/../../../../avr/lib/avr6\libm.a(divsf3.o) (__divsf3x)
c:/program files (x86)/atmel/studio/7.0/toolchain/avr8/avr8-gnu-toolchain/bin/../lib/gcc/avr/4.9.2/../../../../avr/lib/avr6\libm.a(fixsfsi.o)
                              src/Print.o (__fixsfsi)
c:/program files (x86)/atmel/studio/7.0/toolchain/avr8/avr8-gnu-toolchain/bin/../lib/gcc/avr/4.9.2/../../../../avr/lib/avr6\libm.a(fixunssfsi.o)
                              src/Print.o (__fixunssfsi)
c:/program files (x86)/atmel/studio/7.0/toolchain/avr8/avr8-gnu-toolchain/bin/../lib/gcc/avr/4.9.2/../../../../avr/lib/avr6\libm.a(floatsisf.o)
                              src/Print.o (__floatunsisf)
c:/program files (x86)/atmel/studio/7.0/toolchain/avr8/avr8-gnu-toolchain/bin/../lib/gcc/avr/4.9.2/../../../../avr/lib/avr6\libm.a(fp_cmp.o)
                              c:/program files (x86)/atmel/studio/7.0/toolchain/avr8/avr8-gnu-toolchain/bin/../lib/gcc/avr/4.9.2/../../../../avr/lib/avr6\libm.a(cmpsf2.o) (__fp_cmp)
c:/program files (x86)/atmel/studio/7.0/toolchain/avr8/avr8-gnu-toolchain/bin/../lib/gcc/avr/4.9.2/../../../../avr/lib/avr6\libm.a(fp_inf.o)
                              c:/program files (x86)/atmel/studio/7.0/toolchain/avr8/avr8-gnu-toolchain/bin/../lib/gcc/avr/4.9.2/../../../../avr/lib/avr6\libm.a(addsf3x.o) (__fp_inf)
c:/program files (x86)/atmel/studio/7.0/toolchain/avr8/avr8-gnu-toolchain/bin/../lib/gcc/avr/4.9.2/../../../../avr/lib/avr6\libm.a(fp_nan.o)
                              c:/program files (x86)/atmel/studio/7.0/toolchain/avr8/avr8-gnu-toolchain/bin/../lib/gcc/avr/4.9.2/../../../../avr/lib/avr6\libm.a(addsf3x.o) (__fp_nan)
c:/program files (x86)/atmel/studio/7.0/toolchain/avr8/avr8-gnu-toolchain/bin/../lib/gcc/avr/4.9.2/../../../../avr/lib/avr6\libm.a(fp_pscA.o)
                              c:/program files (x86)/atmel/studio/7.0/toolchain/avr8/avr8-gnu-toolchain/bin/../lib/gcc/avr/4.9.2/../../../../avr/lib/avr6\libm.a(addsf3x.o) (__fp_pscA)
c:/program files (x86)/atmel/studio/7.0/toolchain/avr8/avr8-gnu-toolchain/bin/../lib/gcc/avr/4.9.2/../../../../avr/lib/avr6\libm.a(fp_pscB.o)
                              c:/program files (x86)/atmel/studio/7.0/toolchain/avr8/avr8-gnu-toolchain/bin/../lib/gcc/avr/4.9.2/../../../../avr/lib/avr6\libm.a(addsf3x.o) (__fp_pscB)
c:/program files (x86)/atmel/studio/7.0/toolchain/avr8/avr8-gnu-toolchain/bin/../lib/gcc/avr/4.9.2/../../../../avr/lib/avr6\libm.a(fp_round.o)
                              c:/program files (x86)/atmel/studio/7.0/toolchain/avr8/avr8-gnu-toolchain/bin/../lib/gcc/avr/4.9.2/../../../../avr/lib/avr6\libm.a(addsf3.o) (__fp_round)
c:/program files (x86)/atmel/studio/7.0/toolchain/avr8/avr8-gnu-toolchain/bin/../lib/gcc/avr/4.9.2/../../../../avr/lib/avr6\libm.a(fp_split3.o)
                              c:/program files (x86)/atmel/studio/7.0/toolchain/avr8/avr8-gnu-toolchain/bin/../lib/gcc/avr/4.9.2/../../../../avr/lib/avr6\libm.a(addsf3x.o) (__fp_split3)
c:/program files (x86)/atmel/studio/7.0/toolchain/avr8/avr8-gnu-toolchain/bin/../lib/gcc/avr/4.9.2/../../../../avr/lib/avr6\libm.a(fp_zero.o)
                              c:/program files (x86)/atmel/studio/7.0/toolchain/avr8/avr8-gnu-toolchain/bin/../lib/gcc/avr/4.9.2/../../../../avr/lib/avr6\libm.a(addsf3x.o) (__fp_zero)
c:/program files (x86)/atmel/studio/7.0/toolchain/avr8/avr8-gnu-toolchain/bin/../lib/gcc/avr/4.9.2/../../../../avr/lib/avr6\libm.a(gesf2.o)
                              src/Print.o (__gtsf2)
c:/program files (x86)/atmel/studio/7.0/toolchain/avr8/avr8-gnu-toolchain/bin/../lib/gcc/avr/4.9.2/../../../../avr/lib/avr6\libm.a(mulsf3.o)
                              src/Print.o (__mulsf3)
[...]
Memory Configuration

Name             Origin             Length             Attributes
text             0x00000000         0x00100000         xr
data             0x00800200         0x0000fe00         rw !x
eeprom           0x00810000         0x00010000         rw !x
fuse             0x00820000         0x00000400         rw !x
lock             0x00830000         0x00000400         rw !x
signature        0x00840000         0x00000400         rw !x
user_signatures  0x00850000         0x00000400         rw !x
*default*        0x00000000         0xffffffff

Linker script and memory map

Address of section .data set to 0x800200
LOAD C:/Program Files (x86)/Atmel/Studio/7.0/Packs/atmel/ATmega_DFP/1.0.90/gcc/dev/atmega2560/avr6/crtatmega2560.o
LOAD Sketch.o
LOAD src/abi.o
LOAD src/CDC.o
LOAD src/HardwareSerial.o
LOAD src/HardwareSerial0.o
LOAD src/HardwareSerial1.o
LOAD src/HardwareSerial2.o
LOAD src/HardwareSerial3.o
LOAD src/HID.o
LOAD src/hooks.o
LOAD src/IPAddress.o
LOAD src/main.o
LOAD src/new.o
LOAD src/Print.o
LOAD src/Stream.o
LOAD src/Tone.o
LOAD src/USBCore.o
LOAD src/WInterrupts.o
LOAD src/wiring.o
LOAD src/wiring_analog.o
LOAD src/wiring_digital.o
LOAD src/wiring_pulse.o
LOAD src/wiring_shift.o
LOAD src/WMath.o
LOAD src/WString.o
START GROUP
LOAD c:/program files (x86)/atmel/studio/7.0/toolchain/avr8/avr8-gnu-toolchain/bin/../lib/gcc/avr/4.9.2/../../../../avr/lib/avr6\libm.a
END GROUP
LOAD c:/program files (x86)/atmel/studio/7.0/toolchain/avr8/avr8-gnu-toolchain/bin/../lib/gcc/avr/4.9.2/avr6\libgcc.a
LOAD c:/program files (x86)/atmel/studio/7.0/toolchain/avr8/avr8-gnu-toolchain/bin/../lib/gcc/avr/4.9.2/../../../../avr/lib/avr6\libm.a
START GROUP
LOAD c:/program files (x86)/atmel/studio/7.0/toolchain/avr8/avr8-gnu-toolchain/bin/../lib/gcc/avr/4.9.2/avr6\libgcc.a
LOAD c:/program files (x86)/atmel/studio/7.0/toolchain/avr8/avr8-gnu-toolchain/bin/../lib/gcc/avr/4.9.2/../../../../avr/lib/avr6\libm.a
LOAD c:/program files (x86)/atmel/studio/7.0/toolchain/avr8/avr8-gnu-toolchain/bin/../lib/gcc/avr/4.9.2/../../../../avr/lib/avr6\libc.a
LOAD C:/Program Files (x86)/Atmel/Studio/7.0/Packs/atmel/ATmega_DFP/1.0.90/gcc/dev/atmega2560/avr6\libatmega2560.a
END GROUP

.hash
 *(.hash)

.dynsym
 *(.dynsym)

.dynstr
 *(.dynstr)

.gnu.version
 *(.gnu.version)

.gnu.version_d
 *(.gnu.version_d)

.gnu.version_r
 *(.gnu.version_r)

.rel.init
 *(.rel.init)

.rela.init
 *(.rela.init)

.rel.text
 *(.rel.text)
 *(.rel.text.*)
 *(.rel.gnu.linkonce.t*)

.rela.text
 *(.rela.text)
 *(.rela.text.*)
 *(.rela.gnu.linkonce.t*)

.rel.fini
 *(.rel.fini)

.rela.fini
 *(.rela.fini)

.rel.rodata
 *(.rel.rodata)
 *(.rel.rodata.*)
 *(.rel.gnu.linkonce.r*)

.rela.rodata
 *(.rela.rodata)
 *(.rela.rodata.*)
 *(.rela.gnu.linkonce.r*)

.rel.data
 *(.rel.data)
 *(.rel.data.*)
 *(.rel.gnu.linkonce.d*)

.rela.data
 *(.rela.data)
 *(.rela.data.*)
 *(.rela.gnu.linkonce.d*)

.rel.ctors
 *(.rel.ctors)

.rela.ctors
 *(.rela.ctors)

.rel.dtors
 *(.rel.dtors)

.rela.dtors
 *(.rela.dtors)

.rel.got
 *(.rel.got)

.rela.got
 *(.rela.got)

.rel.bss
 *(.rel.bss)

.rela.bss
 *(.rela.bss)

.rel.plt
 *(.rel.plt)

.rela.plt
 *(.rela.plt)

.text           0x00000000     0x17d4
 *(.vectors)
 .vectors       0x00000000       0xe4 C:/Program Files (x86)/Atmel/Studio/7.0/Packs/atmel/ATmega_DFP/1.0.90/gcc/dev/atmega2560/avr6/crtatmega2560.o
                0x00000000                __vector_default
                0x00000000                __vectors
 *(.vectors)
 *(.progmem.gcc*)
 .progmem.gcc_sw_table.turnOffPWM
                0x000000e4       0x24 src/wiring_digital.o
                0x00000108                . = ALIGN (0x2)
                0x00000108                __trampolines_start = .
 *(.trampolines)
 .trampolines   0x00000108        0x0 linker stubs
 *(.trampolines*)
                0x00000108                __trampolines_end = .
 *(.progmem*)
 .progmem.data._ZL21tone_pin_to_timer_PGM
                0x00000108        0x1 src/Tone.o
 .progmem.data.digital_pin_to_timer_PGM
                0x00000109       0x46 src/wiring_digital.o
                0x00000109                digital_pin_to_timer_PGM
 .progmem.data.digital_pin_to_bit_mask_PGM
                0x0000014f       0x46 src/wiring_digital.o
                0x0000014f                digital_pin_to_bit_mask_PGM
 .progmem.data.digital_pin_to_port_PGM
                0x00000195       0x46 src/wiring_digital.o
                0x00000195                digital_pin_to_port_PGM
 .progmem.data.port_to_output_PGM
                0x000001db       0x1a src/wiring_digital.o
                0x000001db                port_to_output_PGM
 .progmem.data.port_to_mode_PGM
                0x000001f5       0x1a src/wiring_digital.o
                0x000001f5                port_to_mode_PGM
                0x00000210                . = ALIGN (0x2)
 *fill*         0x0000020f        0x1 
 *(.jumptables)
 *(.jumptables*)
 *(.lowtext)
 *(.lowtext*)
                0x00000210                __ctors_start = .
 *(.ctors)
 .ctors         0x00000210        0x2 src/HardwareSerial0.o
 .ctors         0x00000212        0x2 src/HardwareSerial1.o
 .ctors         0x00000214        0x2 src/HardwareSerial2.o
 .ctors         0x00000216        0x2 src/HardwareSerial3.o
 .ctors         0x00000218        0x2 src/IPAddress.o
                0x0000021a                __ctors_end = .
                0x0000021a                __dtors_start = .
 *(.dtors)
                0x0000021a                __dtors_end = .
 SORT(*)(.ctors)
 SORT(*)(.dtors)
 *(.init0)
 .init0         0x0000021a        0x0 C:/Program Files (x86)/Atmel/Studio/7.0/Packs/atmel/ATmega_DFP/1.0.90/gcc/dev/atmega2560/avr6/crtatmega2560.o
                0x0000021a                __init
 *(.init0)
 *(.init1)
 *(.init1)
 *(.init2)
 .init2         0x0000021a       0x10 C:/Program Files (x86)/Atmel/Studio/7.0/Packs/atmel/ATmega_DFP/1.0.90/gcc/dev/atmega2560/avr6/crtatmega2560.o
 *(.init2)
 *(.init3)
 *(.init3)
 *(.init4)
 .init4         0x0000022a       0x1a c:/program files (x86)/atmel/studio/7.0/toolchain/avr8/avr8-gnu-toolchain/bin/../lib/gcc/avr/4.9.2/avr6\libgcc.a(_copy_data.o)
                0x0000022a                __do_copy_data
 .init4         0x00000244       0x10 c:/program files (x86)/atmel/studio/7.0/toolchain/avr8/avr8-gnu-toolchain/bin/../lib/gcc/avr/4.9.2/avr6\libgcc.a(_clear_bss.o)
                0x00000244                __do_clear_bss
 *(.init4)
 *(.init5)
 *(.init5)
 *(.init6)
 .init6         0x00000254       0x20 c:/program files (x86)/atmel/studio/7.0/toolchain/avr8/avr8-gnu-toolchain/bin/../lib/gcc/avr/4.9.2/avr6\libgcc.a(_ctors.o)
                0x00000254                __do_global_ctors
 *(.init6)
 *(.init7)
 *(.init7)
 *(.init8)
 *(.init8)
 *(.init9)
 .init9         0x00000274        0x6 C:/Program Files (x86)/Atmel/Studio/7.0/Packs/atmel/ATmega_DFP/1.0.90/gcc/dev/atmega2560/avr6/crtatmega2560.o
 *(.init9)
 *(.text)
 .text          0x0000027a        0x2 C:/Program Files (x86)/Atmel/Studio/7.0/Packs/atmel/ATmega_DFP/1.0.90/gcc/dev/atmega2560/avr6/crtatmega2560.o
                0x0000027a                __vector_38
                0x0000027a                __vector_22
                0x0000027a                __vector_28
                0x0000027a                __vector_32
                0x0000027a                __vector_34
                0x0000027a                __vector_24
                0x0000027a                __vector_12
                0x0000027a                __vector_46
                0x0000027a                __bad_interrupt
                0x0000027a                __vector_31
                0x0000027a                __vector_35
                0x0000027a                __vector_39
                0x0000027a                __vector_30
                0x0000027a                __vector_45
                0x0000027a                __vector_11
                0x0000027a                __vector_17
                0x0000027a                __vector_19
                0x0000027a                __vector_56
                0x0000027a                __vector_49
                0x0000027a                __vector_41
                0x0000027a                __vector_43
                0x0000027a                __vector_27
                0x0000027a                __vector_33
                0x0000027a                __vector_47
                0x0000027a                __vector_44
                0x0000027a                __vector_9
                0x0000027a                __vector_21
                0x0000027a                __vector_15
                0x0000027a                __vector_29
                0x0000027a                __vector_40
                0x0000027a                __vector_48
                0x0000027a                __vector_14
                0x0000027a                __vector_53
                0x0000027a                __vector_10
                0x0000027a                __vector_50
                0x0000027a                __vector_16
                0x0000027a                __vector_18
                0x0000027a                __vector_20
                0x0000027a                __vector_42
                0x0000027c                . = ALIGN (0x2)
 *(.text.*)
 .text.setup    0x0000027c       0x4c Sketch.o
                0x0000027c                setup
 .text._Z11matrizWritehh
                0x000002c8       0x46 Sketch.o
                0x000002c8                _Z11matrizWritehh
 .text._Z12matrixTurnOnv
                0x0000030e       0xa0 Sketch.o
                0x0000030e                _Z12matrixTurnOnv
 .text._Z11matrixSlidePA8_i
                0x000003ae       0xc6 Sketch.o
                0x000003ae                _Z11matrixSlidePA8_i
 .text.loop     0x00000474        0x8 Sketch.o
                0x00000474                loop
 .text._ZN14HardwareSerial9availableEv
                0x0000047c       0x18 src/HardwareSerial.o
                0x0000047c                _ZN14HardwareSerial9availableEv
 .text._ZN14HardwareSerial4peekEv
                0x00000494       0x1c src/HardwareSerial.o
                0x00000494                _ZN14HardwareSerial4peekEv
 .text._ZN14HardwareSerial4readEv
                0x000004b0       0x28 src/HardwareSerial.o
                0x000004b0                _ZN14HardwareSerial4readEv
 .text._Z14serialEventRunv
                0x000004d8       0x62 src/HardwareSerial.o
                0x000004d8                _Z14serialEventRunv
 .text._ZN14HardwareSerial17_tx_udr_empty_irqEv
                0x0000053a       0x54 src/HardwareSerial.o
                0x0000053a                _ZN14HardwareSerial17_tx_udr_empty_irqEv
 .text._ZN14HardwareSerial5flushEv
                0x0000058e       0x42 src/HardwareSerial.o
                0x0000058e                _ZN14HardwareSerial5flushEv
 .text._ZN14HardwareSerial5writeEh
                0x000005d0       0x9c src/HardwareSerial.o
                0x000005d0                _ZN14HardwareSerial5writeEh
 .text._ZN14HardwareSerial5beginEmh
                0x0000066c       0xd2 src/HardwareSerial.o
                0x0000066c                _ZN14HardwareSerial5beginEmh
 .text.__vector_25
                0x0000073e       0x78 src/HardwareSerial0.o
                0x0000073e                __vector_25
 .text.__vector_26
                0x000007b6       0x52 src/HardwareSerial0.o
                0x000007b6                __vector_26
 .text._Z17Serial0_availablev
                0x00000808       0x12 src/HardwareSerial0.o
                0x00000808                _Z17Serial0_availablev
 .text._GLOBAL__sub_I___vector_25
                0x0000081a       0x5a src/HardwareSerial0.o
 .text.__vector_36
                0x00000874       0x78 src/HardwareSerial1.o
                0x00000874                __vector_36
 .text.__vector_37
                0x000008ec       0x52 src/HardwareSerial1.o
                0x000008ec                __vector_37
 .text._Z17Serial1_availablev
                0x0000093e       0x12 src/HardwareSerial1.o
                0x0000093e                _Z17Serial1_availablev
 .text._GLOBAL__sub_I___vector_36
                0x00000950       0x5a src/HardwareSerial1.o
 .text.__vector_51
                0x000009aa       0x78 src/HardwareSerial2.o
                0x000009aa                __vector_51
 .text.__vector_52
                0x00000a22       0x52 src/HardwareSerial2.o
                0x00000a22                __vector_52
 .text._Z17Serial2_availablev
                0x00000a74       0x12 src/HardwareSerial2.o
                0x00000a74                _Z17Serial2_availablev
 .text._GLOBAL__sub_I___vector_51
                0x00000a86       0x5a src/HardwareSerial2.o
 .text.__vector_54
                0x00000ae0       0x78 src/HardwareSerial3.o
                0x00000ae0                __vector_54
 .text.__vector_55
                0x00000b58       0x52 src/HardwareSerial3.o
                0x00000b58                __vector_55
 .text._Z17Serial3_availablev
                0x00000baa       0x12 src/HardwareSerial3.o
                0x00000baa                _Z17Serial3_availablev
 .text._GLOBAL__sub_I___vector_54
                0x00000bbc       0x5a src/HardwareSerial3.o
 .text.__empty  0x00000c16        0x2 src/hooks.o
                0x00000c16                yield
 .text._ZNK9IPAddress7printToER5Print
                0x00000c18       0x7e src/IPAddress.o
                0x00000c18                _ZNK9IPAddress7printToER5Print
 .text._GLOBAL__sub_I__ZN9IPAddressC2Ev
                0x00000c96       0x16 src/IPAddress.o
 .text.initVariant
                0x00000cac        0x2 src/main.o
                0x00000cac                initVariant
 .text.main     0x00000cae       0x14 src/main.o
                0x00000cae                main
 .text._ZN5Print5writeEPKhj
                0x00000cc2       0x5a src/Print.o
                0x00000cc2                _ZN5Print5writeEPKhj
 .text._ZN5Print5printEPKc
                0x00000d1c       0x2c src/Print.o
                0x00000d1c                _ZN5Print5printEPKc
 .text._ZN5Print5printEc
                0x00000d48       0x10 src/Print.o
                0x00000d48                _ZN5Print5printEc
 .text._ZN5Print7printlnEv
                0x00000d58       0x18 src/Print.o
                0x00000d58                _ZN5Print7printlnEv
 .text._ZN5Print7printlnEPKc
                0x00000d70       0x20 src/Print.o
                0x00000d70                _ZN5Print7printlnEPKc
 .text._ZN5Print11printNumberEmh
                0x00000d90       0xe4 src/Print.o
                0x00000d90                _ZN5Print11printNumberEmh
 .text._ZN5Print5printEmi
                0x00000e74       0x1c src/Print.o
                0x00000e74                _ZN5Print5printEmi
 .text._ZN5Print5printEhi
                0x00000e90        0xe src/Print.o
                0x00000e90                _ZN5Print5printEhi
 .text._Z12disableTimerh
                0x00000e9e       0x74 src/Tone.o
                0x00000e9e                _Z12disableTimerh
 .text._Z6noToneh
                0x00000f12       0x2a src/Tone.o
                0x00000f12                _Z6noToneh
 .text.__vector_13
                0x00000f3c       0xbe src/Tone.o
                0x00000f3c                __vector_13
 .text.__vector_1
                0x00000ffa       0x62 src/WInterrupts.o
                0x00000ffa                __vector_1
 .text.__vector_2
                0x0000105c       0x62 src/WInterrupts.o
                0x0000105c                __vector_2
 .text.__vector_3
                0x000010be       0x62 src/WInterrupts.o
                0x000010be                __vector_3
 .text.__vector_4
                0x00001120       0x62 src/WInterrupts.o
                0x00001120                __vector_4
 .text.__vector_5
                0x00001182       0x62 src/WInterrupts.o
                0x00001182                __vector_5
 .text.__vector_6
                0x000011e4       0x62 src/WInterrupts.o
                0x000011e4                __vector_6
 .text.__vector_7
                0x00001246       0x62 src/WInterrupts.o
                0x00001246                __vector_7
 .text.__vector_8
                0x000012a8       0x62 src/WInterrupts.o
                0x000012a8                __vector_8
 .text.__vector_23
                0x0000130a       0x94 src/wiring.o
                0x0000130a                __vector_23
 .text.micros   0x0000139e       0x4c src/wiring.o
                0x0000139e                micros
 .text.delay    0x000013ea       0x52 src/wiring.o
                0x000013ea                delay
 .text.init     0x0000143c       0xc4 src/wiring.o
                0x0000143c                init
 .text.turnOffPWM
                0x00001500       0xd0 src/wiring_digital.o
 .text.pinMode  0x000015d0       0x7e src/wiring_digital.o
                0x000015d0                pinMode
 .text.digitalWrite
                0x0000164e       0x60 src/wiring_digital.o
                0x0000164e                digitalWrite
 .text.shiftOut
                0x000016ae       0x80 src/wiring_shift.o
                0x000016ae                shiftOut
 .text.libgcc.div
                0x0000172e       0x26 c:/program files (x86)/atmel/studio/7.0/toolchain/avr8/avr8-gnu-toolchain/bin/../lib/gcc/avr/4.9.2/avr6\libgcc.a(_divmodhi4.o)
                0x0000172e                _div
                0x0000172e                __divmodhi4
 .text.libgcc.div
                0x00001754       0x44 c:/program files (x86)/atmel/studio/7.0/toolchain/avr8/avr8-gnu-toolchain/bin/../lib/gcc/avr/4.9.2/avr6\libgcc.a(_udivmodsi4.o)
                0x00001754                __udivmodsi4
 .text.libgcc   0x00001798       0x10 c:/program files (x86)/atmel/studio/7.0/toolchain/avr8/avr8-gnu-toolchain/bin/../lib/gcc/avr/4.9.2/avr6\libgcc.a(_tablejump2.o)
                0x00001798                __tablejump2__
 .text.libgcc.div
                0x000017a8       0x28 c:/program files (x86)/atmel/studio/7.0/toolchain/avr8/avr8-gnu-toolchain/bin/../lib/gcc/avr/4.9.2/avr6\libgcc.a(_udivmodhi4.o)
                0x000017a8                __udivmodhi4
                0x000017d0                . = ALIGN (0x2)
 *(.fini9)
 .fini9         0x000017d0        0x0 c:/program files (x86)/atmel/studio/7.0/toolchain/avr8/avr8-gnu-toolchain/bin/../lib/gcc/avr/4.9.2/avr6\libgcc.a(_exit.o)
                0x000017d0                _exit
                0x000017d0                exit
 *(.fini9)
 *(.fini8)
 *(.fini8)
 *(.fini7)
 *(.fini7)
 *(.fini6)
 *(.fini6)
 *(.fini5)
 *(.fini5)
 *(.fini4)
 *(.fini4)
 *(.fini3)
 *(.fini3)
 *(.fini2)
 *(.fini2)
 *(.fini1)
 *(.fini1)
 *(.fini0)
 .fini0         0x000017d0        0x4 c:/program files (x86)/atmel/studio/7.0/toolchain/avr8/avr8-gnu-toolchain/bin/../lib/gcc/avr/4.9.2/avr6\libgcc.a(_exit.o)
 *(.fini0)
                0x000017d4                _etext = .

.data           0x00800200       0xb0 load address 0x000017d4
                0x00800200                PROVIDE (__data_start, .)
 *(.data)
 *(.data*)
 .data.a        0x00800200       0x80 Sketch.o
                0x00800200                a
 .data._ZL9tone_pins
                0x00800280        0x1 src/Tone.o
 *(.rodata)
 *(.rodata*)
 .rodata.str1.1
                0x00800281        0x7 Sketch.o
 .rodata._ZTV14HardwareSerial
                0x00800288       0x10 src/HardwareSerial.o
                0x00800288                _ZTV14HardwareSerial
 .rodata._ZTV9IPAddress
                0x00800298        0x6 src/IPAddress.o
                0x00800298                _ZTV9IPAddress
 .rodata.str1.1
                0x0080029e       0x11 src/Print.o
 *(.gnu.linkonce.d*)
                0x008002b0                . = ALIGN (0x2)
 *fill*         0x008002af        0x1 
                0x008002b0                _edata = .
                0x008002b0                PROVIDE (__data_end, .)

.bss            0x008002b0      0x3ae
                0x008002b0                PROVIDE (__bss_start, .)
 *(.bss)
 *(.bss*)
 .bss.movement  0x008002b0        0x2 Sketch.o
                0x008002b0                movement
 .bss.counter   0x008002b2        0x2 Sketch.o
                0x008002b2                counter
 .bss.matrix    0x008002b4      0x110 Sketch.o
                0x008002b4                matrix
 .bss.Serial    0x008003c4       0x9d src/HardwareSerial0.o
                0x008003c4                Serial
 .bss.Serial1   0x00800461       0x9d src/HardwareSerial1.o
                0x00800461                Serial1
 .bss.Serial2   0x008004fe       0x9d src/HardwareSerial2.o
                0x008004fe                Serial2
 .bss.Serial3   0x0080059b       0x9d src/HardwareSerial3.o
                0x0080059b                Serial3
 .bss._ZL11INADDR_NONE
                0x00800638        0x6 src/IPAddress.o
 .bss.timer2_pin_mask
                0x0080063e        0x1 src/Tone.o
                0x0080063e                timer2_pin_mask
 .bss.timer2_pin_port
                0x0080063f        0x2 src/Tone.o
                0x0080063f                timer2_pin_port
 .bss.timer2_toggle_count
                0x00800641        0x4 src/Tone.o
                0x00800641                timer2_toggle_count
 .bss.intFunc   0x00800645       0x10 src/WInterrupts.o
 .bss.timer0_fract
                0x00800655        0x1 src/wiring.o
 .bss.timer0_millis
                0x00800656        0x4 src/wiring.o
                0x00800656                timer0_millis
 .bss.timer0_overflow_count
                0x0080065a        0x4 src/wiring.o
                0x0080065a                timer0_overflow_count
 *(COMMON)
                0x0080065e                PROVIDE (__bss_end, .)
                0x000017d4                __data_load_start = LOADADDR (.data)
                0x00001884                __data_load_end = (__data_load_start + SIZEOF (.data))

.noinit         0x0080065e        0x0
                0x0080065e                PROVIDE (__noinit_start, .)
 *(.noinit*)
                0x0080065e                PROVIDE (__noinit_end, .)
                0x0080065e                _end = .
                0x0080065e                PROVIDE (__heap_start, .)

.eeprom         0x00810000        0x0
 *(.eeprom*)
                0x00810000                __eeprom_end = .

.fuse
 *(.fuse)
 *(.lfuse)
 *(.hfuse)
 *(.efuse)

.lock
 *(.lock*)

.signature
 *(.signature*)

.user_signatures
 *(.user_signatures*)

.stab
 *(.stab)

.stabstr
 *(.stabstr)

.stab.excl
 *(.stab.excl)

.stab.exclstr
 *(.stab.exclstr)

.stab.index
 *(.stab.index)

.stab.indexstr
 *(.stab.indexstr)

.comment        0x00000000       0x30
 *(.comment)
 .comment       0x00000000       0x30 Sketch.o
                                 0x31 (size before relaxing)
 .comment       0x00000030       0x31 src/HardwareSerial.o
 .comment       0x00000030       0x31 src/HardwareSerial0.o
 .comment       0x00000030       0x31 src/HardwareSerial1.o
 .comment       0x00000030       0x31 src/HardwareSerial2.o
 .comment       0x00000030       0x31 src/HardwareSerial3.o
 .comment       0x00000030       0x31 src/hooks.o
 .comment       0x00000030       0x31 src/IPAddress.o
 .comment       0x00000030       0x31 src/main.o
 .comment       0x00000030       0x31 src/Print.o
 .comment       0x00000030       0x31 src/Tone.o
 .comment       0x00000030       0x31 src/WInterrupts.o
 .comment       0x00000030       0x31 src/wiring.o
 .comment       0x00000030       0x31 src/wiring_digital.o
 .comment       0x00000030       0x31 src/wiring_shift.o

.note.gnu.avr.deviceinfo
                0x00000000       0x40
 .note.gnu.avr.deviceinfo
                0x00000000       0x40 C:/Program Files (x86)/Atmel/Studio/7.0/Packs/atmel/ATmega_DFP/1.0.90/gcc/dev/atmega2560/avr6/crtatmega2560.o

.note.gnu.build-id
 *(.note.gnu.build-id)

.debug
 *(.debug)

.line
 *(.line)

.debug_srcinfo
 *(.debug_srcinfo)

.debug_sfnames
 *(.debug_sfnames)

.debug_aranges  0x00000000      0x478
 *(.debug_aranges)
 .debug_aranges
                0x00000000       0x50 Sketch.o
 .debug_aranges
                0x00000050       0x68 src/HardwareSerial.o
 .debug_aranges
                0x000000b8       0x38 src/HardwareSerial0.o
 .debug_aranges
                0x000000f0       0x38 src/HardwareSerial1.o
 .debug_aranges
                0x00000128       0x38 src/HardwareSerial2.o
 .debug_aranges
                0x00000160       0x38 src/HardwareSerial3.o
 .debug_aranges
                0x00000198       0x20 src/hooks.o
 .debug_aranges
                0x000001b8       0x60 src/IPAddress.o
 .debug_aranges
                0x00000218       0x30 src/main.o
 .debug_aranges
                0x00000248       0xe8 src/Print.o
 .debug_aranges
                0x00000330       0x38 src/Tone.o
 .debug_aranges
                0x00000368       0x68 src/WInterrupts.o
 .debug_aranges
                0x000003d0       0x48 src/wiring.o
 .debug_aranges
                0x00000418       0x38 src/wiring_digital.o
 .debug_aranges
                0x00000450       0x28 src/wiring_shift.o

.debug_pubnames
 *(.debug_pubnames)

.debug_info     0x00000000     0xccfa
 *(.debug_info .gnu.linkonce.wi.*)
 .debug_info    0x00000000      0x79a Sketch.o
 .debug_info    0x0000079a     0x1b3b src/HardwareSerial.o
 .debug_info    0x000022d5     0x1782 src/HardwareSerial0.o
 .debug_info    0x00003a57     0x1782 src/HardwareSerial1.o
 .debug_info    0x000051d9     0x1782 src/HardwareSerial2.o
 .debug_info    0x0000695b     0x1788 src/HardwareSerial3.o
 .debug_info    0x000080e3       0x3e src/hooks.o
 .debug_info    0x00008121      0x9ed src/IPAddress.o
 .debug_info    0x00008b0e      0x24b src/main.o
 .debug_info    0x00008d59     0x2603 src/Print.o
 .debug_info    0x0000b35c      0xa43 src/Tone.o
 .debug_info    0x0000bd9f      0x2ea src/WInterrupts.o
 .debug_info    0x0000c089      0x319 src/wiring.o
 .debug_info    0x0000c3a2      0x635 src/wiring_digital.o
 .debug_info    0x0000c9d7      0x323 src/wiring_shift.o

.debug_abbrev   0x00000000     0x2240
 *(.debug_abbrev)
 .debug_abbrev  0x00000000      0x264 Sketch.o
 .debug_abbrev  0x00000264      0x370 src/HardwareSerial.o
 .debug_abbrev  0x000005d4      0x35d src/HardwareSerial0.o
 .debug_abbrev  0x00000931      0x35d src/HardwareSerial1.o
 .debug_abbrev  0x00000c8e      0x35d src/HardwareSerial2.o
 .debug_abbrev  0x00000feb      0x366 src/HardwareSerial3.o
 .debug_abbrev  0x00001351       0x2a src/hooks.o
 .debug_abbrev  0x0000137b      0x33d src/IPAddress.o
 .debug_abbrev  0x000016b8       0xd1 src/main.o
 .debug_abbrev  0x00001789      0x3b0 src/Print.o
 .debug_abbrev  0x00001b39      0x261 src/Tone.o
 .debug_abbrev  0x00001d9a       0xe6 src/WInterrupts.o
 .debug_abbrev  0x00001e80      0x145 src/wiring.o
 .debug_abbrev  0x00001fc5      0x15a src/wiring_digital.o
 .debug_abbrev  0x0000211f      0x121 src/wiring_shift.o

.debug_line     0x00000000     0x29d1
 *(.debug_line .debug_line.* .debug_line_end)
 .debug_line    0x00000000      0x353 Sketch.o
 .debug_line    0x00000353      0x49f src/HardwareSerial.o
 .debug_line    0x000007f2      0x238 src/HardwareSerial0.o
 .debug_line    0x00000a2a      0x238 src/HardwareSerial1.o
 .debug_line    0x00000c62      0x236 src/HardwareSerial2.o
 .debug_line    0x00000e98      0x236 src/HardwareSerial3.o
 .debug_line    0x000010ce       0x3c src/hooks.o
 .debug_line    0x0000110a      0x2a9 src/IPAddress.o
 .debug_line    0x000013b3      0x13a src/main.o
 .debug_line    0x000014ed      0x643 src/Print.o
 .debug_line    0x00001b30      0x515 src/Tone.o
 .debug_line    0x00002045      0x30e src/WInterrupts.o
 .debug_line    0x00002353      0x2ac src/wiring.o
 .debug_line    0x000025ff      0x27f src/wiring_digital.o
 .debug_line    0x0000287e      0x153 src/wiring_shift.o

.debug_frame    0x00000000      0xfb8
 *(.debug_frame)
 .debug_frame   0x00000000       0xd4 Sketch.o
 .debug_frame   0x000000d4      0x104 src/HardwareSerial.o
 .debug_frame   0x000001d8       0xcc src/HardwareSerial0.o
 .debug_frame   0x000002a4       0xcc src/HardwareSerial1.o
 .debug_frame   0x00000370       0xcc src/HardwareSerial2.o
 .debug_frame   0x0000043c       0xcc src/HardwareSerial3.o
 .debug_frame   0x00000508       0x24 src/hooks.o
 .debug_frame   0x0000052c       0xe8 src/IPAddress.o
 .debug_frame   0x00000614       0x44 src/main.o
 .debug_frame   0x00000658      0x3a8 src/Print.o
 .debug_frame   0x00000a00      0x100 src/Tone.o
 .debug_frame   0x00000b00      0x2f4 src/WInterrupts.o
 .debug_frame   0x00000df4       0xbc src/wiring.o
 .debug_frame   0x00000eb0       0x7c src/wiring_digital.o
 .debug_frame   0x00000f2c       0x8c src/wiring_shift.o

.debug_str      0x00000000     0x1fad
 *(.debug_str)
 .debug_str     0x00000000      0x380 Sketch.o
                                0x3d2 (size before relaxing)
 .debug_str     0x00000380      0xfeb src/HardwareSerial.o
                               0x12a8 (size before relaxing)
 .debug_str     0x0000136b       0x86 src/HardwareSerial0.o
                                0xfca (size before relaxing)
 .debug_str     0x000013f1       0x4a src/HardwareSerial1.o
                                0xfcb (size before relaxing)
 .debug_str     0x0000143b       0x4a src/HardwareSerial2.o
                                0xfcb (size before relaxing)
 .debug_str     0x00001485       0x4a src/HardwareSerial3.o
                                0xfcb (size before relaxing)
 .debug_str     0x000014cf       0xe5 src/hooks.o
                                0x125 (size before relaxing)
 .debug_str     0x000015b4      0x25c src/IPAddress.o
                                0x50b (size before relaxing)
 .debug_str     0x00001810       0x28 src/main.o
                                0x23a (size before relaxing)
 .debug_str     0x00001838      0x35d src/Print.o
                                0xe70 (size before relaxing)
 .debug_str     0x00001b95      0x233 src/Tone.o
                                0x468 (size before relaxing)
 .debug_str     0x00001dc8       0xc2 src/WInterrupts.o
                                0x257 (size before relaxing)
 .debug_str     0x00001e8a       0x7a src/wiring.o
                                0x227 (size before relaxing)
 .debug_str     0x00001f04       0x6b src/wiring_digital.o
                                0x295 (size before relaxing)
 .debug_str     0x00001f6f       0x3e src/wiring_shift.o
                                0x1f2 (size before relaxing)

.debug_loc      0x00000000     0x4ce8
 *(.debug_loc)
 .debug_loc     0x00000000      0x2d8 Sketch.o
 .debug_loc     0x000002d8      0x447 src/HardwareSerial.o
 .debug_loc     0x0000071f      0x17b src/HardwareSerial0.o
 .debug_loc     0x0000089a      0x17b src/HardwareSerial1.o
 .debug_loc     0x00000a15      0x17b src/HardwareSerial2.o
 .debug_loc     0x00000b90      0x17b src/HardwareSerial3.o
 .debug_loc     0x00000d0b      0x2c0 src/IPAddress.o
 .debug_loc     0x00000fcb     0x1ddf src/Print.o
 .debug_loc     0x00002daa      0xd4c src/Tone.o
 .debug_loc     0x00003af6      0x79a src/WInterrupts.o
 .debug_loc     0x00004290      0x22a src/wiring.o
 .debug_loc     0x000044ba      0x547 src/wiring_digital.o
 .debug_loc     0x00004a01      0x2e7 src/wiring_shift.o

.debug_macinfo
 *(.debug_macinfo)

.debug_weaknames
 *(.debug_weaknames)

.debug_funcnames
 *(.debug_funcnames)

.debug_typenames
 *(.debug_typenames)

.debug_varnames
 *(.debug_varnames)

.debug_pubtypes
 *(.debug_pubtypes)

.debug_ranges   0x00000000      0x3e8
 *(.debug_ranges)
 .debug_ranges  0x00000000       0x58 Sketch.o
 .debug_ranges  0x00000058       0x58 src/HardwareSerial.o
 .debug_ranges  0x000000b0       0x28 src/HardwareSerial0.o
 .debug_ranges  0x000000d8       0x28 src/HardwareSerial1.o
 .debug_ranges  0x00000100       0x28 src/HardwareSerial2.o
 .debug_ranges  0x00000128       0x28 src/HardwareSerial3.o
 .debug_ranges  0x00000150       0x10 src/hooks.o
 .debug_ranges  0x00000160       0x50 src/IPAddress.o
 .debug_ranges  0x000001b0       0x20 src/main.o
 .debug_ranges  0x000001d0       0xf0 src/Print.o
 .debug_ranges  0x000002c0       0x58 src/Tone.o
 .debug_ranges  0x00000318       0x58 src/WInterrupts.o
 .debug_ranges  0x00000370       0x38 src/wiring.o
 .debug_ranges  0x000003a8       0x28 src/wiring_digital.o
 .debug_ranges  0x000003d0       0x18 src/wiring_shift.o

.debug_macro
 *(.debug_macro)
OUTPUT(matrizLed2.elf elf32-avr)
LOAD linker stubs
