Archive member included to satisfy reference by file (symbol)

c:/program files (x86)/atmel/studio/7.0/toolchain/avr8/avr8-gnu-toolchain/bin/../lib/gcc/avr/4.9.2/avr5\libgcc.a(_mulsi3.o)
                              inductor.o (__mulsi3)
c:/program files (x86)/atmel/studio/7.0/toolchain/avr8/avr8-gnu-toolchain/bin/../lib/gcc/avr/4.9.2/avr5\libgcc.a(_udivmodhi4.o)
                              probes.o (__udivmodhi4)
c:/program files (x86)/atmel/studio/7.0/toolchain/avr8/avr8-gnu-toolchain/bin/../lib/gcc/avr/4.9.2/avr5\libgcc.a(_divmodhi4.o)
                              main.o (__divmodhi4)
c:/program files (x86)/atmel/studio/7.0/toolchain/avr8/avr8-gnu-toolchain/bin/../lib/gcc/avr/4.9.2/avr5\libgcc.a(_udivmodsi4.o)
                              ADC.o (__udivmodsi4)
c:/program files (x86)/atmel/studio/7.0/toolchain/avr8/avr8-gnu-toolchain/bin/../lib/gcc/avr/4.9.2/avr5\libgcc.a(_divmodsi4.o)
                              adjust.o (__divmodsi4)
c:/program files (x86)/atmel/studio/7.0/toolchain/avr8/avr8-gnu-toolchain/bin/../lib/gcc/avr/4.9.2/avr5\libgcc.a(_negsi2.o)
                              c:/program files (x86)/atmel/studio/7.0/toolchain/avr8/avr8-gnu-toolchain/bin/../lib/gcc/avr/4.9.2/avr5\libgcc.a(_divmodsi4.o) (__negsi2)
c:/program files (x86)/atmel/studio/7.0/toolchain/avr8/avr8-gnu-toolchain/bin/../lib/gcc/avr/4.9.2/avr5\libgcc.a(_exit.o)
                              C:/Program Files (x86)/Atmel/Studio/7.0/Packs/atmel/ATmega_DFP/1.0.90/gcc/dev/atmega328/avr5/crtatmega328.o (exit)
c:/program files (x86)/atmel/studio/7.0/toolchain/avr8/avr8-gnu-toolchain/bin/../lib/gcc/avr/4.9.2/avr5\libgcc.a(_tablejump2.o)
                              main.o (__tablejump2__)
c:/program files (x86)/atmel/studio/7.0/toolchain/avr8/avr8-gnu-toolchain/bin/../lib/gcc/avr/4.9.2/avr5\libgcc.a(_clear_bss.o)
                              IR.o (__do_clear_bss)
c:/program files (x86)/atmel/studio/7.0/toolchain/avr8/avr8-gnu-toolchain/bin/../lib/gcc/avr/4.9.2/avr5\libgcc.a(_umulhisi3.o)
                              adjust.o (__umulhisi3)
c:/program files (x86)/atmel/studio/7.0/toolchain/avr8/avr8-gnu-toolchain/bin/../lib/gcc/avr/4.9.2/avr5\libgcc.a(_usmulhisi3.o)
                              cap.o (__usmulhisi3)
c:/program files (x86)/atmel/studio/7.0/toolchain/avr8/avr8-gnu-toolchain/bin/../lib/gcc/avr/4.9.2/avr5\libgcc.a(_muluhisi3.o)
                              ADC.o (__muluhisi3)
c:/program files (x86)/atmel/studio/7.0/toolchain/avr8/avr8-gnu-toolchain/bin/../lib/gcc/avr/4.9.2/../../../../avr/lib/avr5\libc.a(utoa_ncheck.o)
                              user.o (__utoa_ncheck)
c:/program files (x86)/atmel/studio/7.0/toolchain/avr8/avr8-gnu-toolchain/bin/../lib/gcc/avr/4.9.2/../../../../avr/lib/avr5\libc.a(strrev.o)
                              c:/program files (x86)/atmel/studio/7.0/toolchain/avr8/avr8-gnu-toolchain/bin/../lib/gcc/avr/4.9.2/../../../../avr/lib/avr5\libc.a(utoa_ncheck.o) (strrev)
C:/Program Files (x86)/Atmel/Studio/7.0/Packs/atmel/ATmega_DFP/1.0.90/gcc/dev/atmega328/avr5\libatmega328.a(eerd_byte.o)
                              adjust.o (eeprom_read_byte)
C:/Program Files (x86)/Atmel/Studio/7.0/Packs/atmel/ATmega_DFP/1.0.90/gcc/dev/atmega328/avr5\libatmega328.a(eerd_word.o)
                              probes.o (eeprom_read_word)
C:/Program Files (x86)/Atmel/Studio/7.0/Packs/atmel/ATmega_DFP/1.0.90/gcc/dev/atmega328/avr5\libatmega328.a(eewr_byte.o)
                              adjust.o (eeprom_write_byte)
C:/Program Files (x86)/Atmel/Studio/7.0/Packs/atmel/ATmega_DFP/1.0.90/gcc/dev/atmega328/avr5\libatmega328.a(eerd_block.o)
                              C:/Program Files (x86)/Atmel/Studio/7.0/Packs/atmel/ATmega_DFP/1.0.90/gcc/dev/atmega328/avr5\libatmega328.a(eerd_word.o) (eeprom_read_blraw)

Allocating common symbols
Common symbol       size              file

Check               0x9               main.o
Resistors           0x15              main.o
SymbolLeft          0x1               ST7565R_SPI.o
UI                  0x9               main.o
SymbolBottom        0x1               ST7565R_SPI.o
OutBuffer           0xc               main.o
Caps                0x21              main.o
Diodes              0x24              main.o
RunsPassed          0x1               main.o
IR_Code             0x6               IR.o
Semi                0xd               main.o
X_Start             0x1               ST7565R_SPI.o
RunsMissed          0x1               main.o
Probes              0xc               main.o
NV                  0xb               main.o
SymbolRight         0x1               ST7565R_SPI.o
SymbolTop           0x1               ST7565R_SPI.o
Inductor            0x5               main.o
Config              0x8               main.o

Discarded input sections

 .data          0x00000000        0x0 C:/Program Files (x86)/Atmel/Studio/7.0/Packs/atmel/ATmega_DFP/1.0.90/gcc/dev/atmega328/avr5/crtatmega328.o
 .bss           0x00000000        0x0 C:/Program Files (x86)/Atmel/Studio/7.0/Packs/atmel/ATmega_DFP/1.0.90/gcc/dev/atmega328/avr5/crtatmega328.o
 .text          0x00000000        0x0 ADC.o
 .data          0x00000000        0x0 ADC.o
 .bss           0x00000000        0x0 ADC.o
 .text          0x00000000        0x0 adjust.o
 .data          0x00000000        0x0 adjust.o
 .bss           0x00000000        0x0 adjust.o
 .text          0x00000000        0x0 ADS7843.o
 .data          0x00000000        0x0 ADS7843.o
 .bss           0x00000000        0x0 ADS7843.o
 .debug_line    0x00000000        0x0 ADS7843.o
 .debug_str     0x00000000      0x10a ADS7843.o
 .comment       0x00000000       0x31 ADS7843.o
 .text          0x00000000        0x0 cap.o
 .data          0x00000000        0x0 cap.o
 .bss           0x00000000        0x0 cap.o
 .text.SetupDelayTimer
                0x00000000       0x16 cap.o
 .text          0x00000000        0x0 display.o
 .data          0x00000000        0x0 display.o
 .bss           0x00000000        0x0 display.o
 .text          0x00000000        0x0 extras.o
 .data          0x00000000        0x0 extras.o
 .bss           0x00000000        0x0 extras.o
 .text          0x00000000        0x0 HD44780_Par4.o
 .data          0x00000000        0x0 HD44780_Par4.o
 .bss           0x00000000        0x0 HD44780_Par4.o
 .debug_line    0x00000000        0x0 HD44780_Par4.o
 .debug_str     0x00000000      0x10f HD44780_Par4.o
 .comment       0x00000000       0x31 HD44780_Par4.o
 .text          0x00000000        0x0 ILI9341_SPI.o
 .data          0x00000000        0x0 ILI9341_SPI.o
 .bss           0x00000000        0x0 ILI9341_SPI.o
 .debug_line    0x00000000        0x0 ILI9341_SPI.o
 .debug_str     0x00000000      0x10e ILI9341_SPI.o
 .comment       0x00000000       0x31 ILI9341_SPI.o
 .text          0x00000000        0x0 inductor.o
 .data          0x00000000        0x0 inductor.o
 .bss           0x00000000        0x0 inductor.o
 .text          0x00000000        0x0 IR.o
 .data          0x00000000        0x0 IR.o
 .bss           0x00000000        0x0 IR.o
 .text          0x00000000        0x0 main.o
 .data          0x00000000        0x0 main.o
 .bss           0x00000000        0x0 main.o
 .text          0x00000000        0x0 pause.o
 .data          0x00000000        0x0 pause.o
 .bss           0x00000000        0x0 pause.o
 .text          0x00000000        0x0 probes.o
 .data          0x00000000        0x0 probes.o
 .bss           0x00000000        0x0 probes.o
 .text          0x00000000        0x0 resistor.o
 .data          0x00000000        0x0 resistor.o
 .bss           0x00000000        0x0 resistor.o
 .text          0x00000000        0x0 semi.o
 .data          0x00000000        0x0 semi.o
 .bss           0x00000000        0x0 semi.o
 .text          0x00000000        0x0 ST7565R_SPI.o
 .data          0x00000000        0x0 ST7565R_SPI.o
 .bss           0x00000000        0x0 ST7565R_SPI.o
 .text          0x00000000        0x0 user.o
 .data          0x00000000        0x0 user.o
 .bss           0x00000000        0x0 user.o
 .text          0x00000000        0x0 c:/program files (x86)/atmel/studio/7.0/toolchain/avr8/avr8-gnu-toolchain/bin/../lib/gcc/avr/4.9.2/avr5\libgcc.a(_mulsi3.o)
 .data          0x00000000        0x0 c:/program files (x86)/atmel/studio/7.0/toolchain/avr8/avr8-gnu-toolchain/bin/../lib/gcc/avr/4.9.2/avr5\libgcc.a(_mulsi3.o)
 .bss           0x00000000        0x0 c:/program files (x86)/atmel/studio/7.0/toolchain/avr8/avr8-gnu-toolchain/bin/../lib/gcc/avr/4.9.2/avr5\libgcc.a(_mulsi3.o)
 .text.libgcc.div
                0x00000000        0x0 c:/program files (x86)/atmel/studio/7.0/toolchain/avr8/avr8-gnu-toolchain/bin/../lib/gcc/avr/4.9.2/avr5\libgcc.a(_mulsi3.o)
 .text.libgcc   0x00000000        0x0 c:/program files (x86)/atmel/studio/7.0/toolchain/avr8/avr8-gnu-toolchain/bin/../lib/gcc/avr/4.9.2/avr5\libgcc.a(_mulsi3.o)
 .text.libgcc.prologue
                0x00000000        0x0 c:/program files (x86)/atmel/studio/7.0/toolchain/avr8/avr8-gnu-toolchain/bin/../lib/gcc/avr/4.9.2/avr5\libgcc.a(_mulsi3.o)
 .text.libgcc.builtins
                0x00000000        0x0 c:/program files (x86)/atmel/studio/7.0/toolchain/avr8/avr8-gnu-toolchain/bin/../lib/gcc/avr/4.9.2/avr5\libgcc.a(_mulsi3.o)
 .text.libgcc.fmul
                0x00000000        0x0 c:/program files (x86)/atmel/studio/7.0/toolchain/avr8/avr8-gnu-toolchain/bin/../lib/gcc/avr/4.9.2/avr5\libgcc.a(_mulsi3.o)
 .text.libgcc.fixed
                0x00000000        0x0 c:/program files (x86)/atmel/studio/7.0/toolchain/avr8/avr8-gnu-toolchain/bin/../lib/gcc/avr/4.9.2/avr5\libgcc.a(_mulsi3.o)
 .text          0x00000000        0x0 c:/program files (x86)/atmel/studio/7.0/toolchain/avr8/avr8-gnu-toolchain/bin/../lib/gcc/avr/4.9.2/avr5\libgcc.a(_udivmodhi4.o)
 .data          0x00000000        0x0 c:/program files (x86)/atmel/studio/7.0/toolchain/avr8/avr8-gnu-toolchain/bin/../lib/gcc/avr/4.9.2/avr5\libgcc.a(_udivmodhi4.o)
 .bss           0x00000000        0x0 c:/program files (x86)/atmel/studio/7.0/toolchain/avr8/avr8-gnu-toolchain/bin/../lib/gcc/avr/4.9.2/avr5\libgcc.a(_udivmodhi4.o)
 .text.libgcc.mul
                0x00000000        0x0 c:/program files (x86)/atmel/studio/7.0/toolchain/avr8/avr8-gnu-toolchain/bin/../lib/gcc/avr/4.9.2/avr5\libgcc.a(_udivmodhi4.o)
 .text.libgcc   0x00000000        0x0 c:/program files (x86)/atmel/studio/7.0/toolchain/avr8/avr8-gnu-toolchain/bin/../lib/gcc/avr/4.9.2/avr5\libgcc.a(_udivmodhi4.o)
 .text.libgcc.prologue
                0x00000000        0x0 c:/program files (x86)/atmel/studio/7.0/toolchain/avr8/avr8-gnu-toolchain/bin/../lib/gcc/avr/4.9.2/avr5\libgcc.a(_udivmodhi4.o)
 .text.libgcc.builtins
                0x00000000        0x0 c:/program files (x86)/atmel/studio/7.0/toolchain/avr8/avr8-gnu-toolchain/bin/../lib/gcc/avr/4.9.2/avr5\libgcc.a(_udivmodhi4.o)
 .text.libgcc.fmul
                0x00000000        0x0 c:/program files (x86)/atmel/studio/7.0/toolchain/avr8/avr8-gnu-toolchain/bin/../lib/gcc/avr/4.9.2/avr5\libgcc.a(_udivmodhi4.o)
 .text.libgcc.fixed
                0x00000000        0x0 c:/program files (x86)/atmel/studio/7.0/toolchain/avr8/avr8-gnu-toolchain/bin/../lib/gcc/avr/4.9.2/avr5\libgcc.a(_udivmodhi4.o)
 .text          0x00000000        0x0 c:/program files (x86)/atmel/studio/7.0/toolchain/avr8/avr8-gnu-toolchain/bin/../lib/gcc/avr/4.9.2/avr5\libgcc.a(_divmodhi4.o)
 .data          0x00000000        0x0 c:/program files (x86)/atmel/studio/7.0/toolchain/avr8/avr8-gnu-toolchain/bin/../lib/gcc/avr/4.9.2/avr5\libgcc.a(_divmodhi4.o)
 .bss           0x00000000        0x0 c:/program files (x86)/atmel/studio/7.0/toolchain/avr8/avr8-gnu-toolchain/bin/../lib/gcc/avr/4.9.2/avr5\libgcc.a(_divmodhi4.o)
 .text.libgcc.mul
                0x00000000        0x0 c:/program files (x86)/atmel/studio/7.0/toolchain/avr8/avr8-gnu-toolchain/bin/../lib/gcc/avr/4.9.2/avr5\libgcc.a(_divmodhi4.o)
 .text.libgcc   0x00000000        0x0 c:/program files (x86)/atmel/studio/7.0/toolchain/avr8/avr8-gnu-toolchain/bin/../lib/gcc/avr/4.9.2/avr5\libgcc.a(_divmodhi4.o)
 .text.libgcc.prologue
                0x00000000        0x0 c:/program files (x86)/atmel/studio/7.0/toolchain/avr8/avr8-gnu-toolchain/bin/../lib/gcc/avr/4.9.2/avr5\libgcc.a(_divmodhi4.o)
 .text.libgcc.builtins
                0x00000000        0x0 c:/program files (x86)/atmel/studio/7.0/toolchain/avr8/avr8-gnu-toolchain/bin/../lib/gcc/avr/4.9.2/avr5\libgcc.a(_divmodhi4.o)
 .text.libgcc.fmul
                0x00000000        0x0 c:/program files (x86)/atmel/studio/7.0/toolchain/avr8/avr8-gnu-toolchain/bin/../lib/gcc/avr/4.9.2/avr5\libgcc.a(_divmodhi4.o)
 .text.libgcc.fixed
                0x00000000        0x0 c:/program files (x86)/atmel/studio/7.0/toolchain/avr8/avr8-gnu-toolchain/bin/../lib/gcc/avr/4.9.2/avr5\libgcc.a(_divmodhi4.o)
 .text          0x00000000        0x0 c:/program files (x86)/atmel/studio/7.0/toolchain/avr8/avr8-gnu-toolchain/bin/../lib/gcc/avr/4.9.2/avr5\libgcc.a(_udivmodsi4.o)
 .data          0x00000000        0x0 c:/program files (x86)/atmel/studio/7.0/toolchain/avr8/avr8-gnu-toolchain/bin/../lib/gcc/avr/4.9.2/avr5\libgcc.a(_udivmodsi4.o)
 .bss           0x00000000        0x0 c:/program files (x86)/atmel/studio/7.0/toolchain/avr8/avr8-gnu-toolchain/bin/../lib/gcc/avr/4.9.2/avr5\libgcc.a(_udivmodsi4.o)
 .text.libgcc.mul
                0x00000000        0x0 c:/program files (x86)/atmel/studio/7.0/toolchain/avr8/avr8-gnu-toolchain/bin/../lib/gcc/avr/4.9.2/avr5\libgcc.a(_udivmodsi4.o)
 .text.libgcc   0x00000000        0x0 c:/program files (x86)/atmel/studio/7.0/toolchain/avr8/avr8-gnu-toolchain/bin/../lib/gcc/avr/4.9.2/avr5\libgcc.a(_udivmodsi4.o)
 .text.libgcc.prologue
                0x00000000        0x0 c:/program files (x86)/atmel/studio/7.0/toolchain/avr8/avr8-gnu-toolchain/bin/../lib/gcc/avr/4.9.2/avr5\libgcc.a(_udivmodsi4.o)
 .text.libgcc.builtins
                0x00000000        0x0 c:/program files (x86)/atmel/studio/7.0/toolchain/avr8/avr8-gnu-toolchain/bin/../lib/gcc/avr/4.9.2/avr5\libgcc.a(_udivmodsi4.o)
 .text.libgcc.fmul
                0x00000000        0x0 c:/program files (x86)/atmel/studio/7.0/toolchain/avr8/avr8-gnu-toolchain/bin/../lib/gcc/avr/4.9.2/avr5\libgcc.a(_udivmodsi4.o)
 .text.libgcc.fixed
                0x00000000        0x0 c:/program files (x86)/atmel/studio/7.0/toolchain/avr8/avr8-gnu-toolchain/bin/../lib/gcc/avr/4.9.2/avr5\libgcc.a(_udivmodsi4.o)
 .text          0x00000000        0x0 c:/program files (x86)/atmel/studio/7.0/toolchain/avr8/avr8-gnu-toolchain/bin/../lib/gcc/avr/4.9.2/avr5\libgcc.a(_divmodsi4.o)
 .data          0x00000000        0x0 c:/program files (x86)/atmel/studio/7.0/toolchain/avr8/avr8-gnu-toolchain/bin/../lib/gcc/avr/4.9.2/avr5\libgcc.a(_divmodsi4.o)
 .bss           0x00000000        0x0 c:/program files (x86)/atmel/studio/7.0/toolchain/avr8/avr8-gnu-toolchain/bin/../lib/gcc/avr/4.9.2/avr5\libgcc.a(_divmodsi4.o)
 .text.libgcc.mul
                0x00000000        0x0 c:/program files (x86)/atmel/studio/7.0/toolchain/avr8/avr8-gnu-toolchain/bin/../lib/gcc/avr/4.9.2/avr5\libgcc.a(_divmodsi4.o)
 .text.libgcc   0x00000000        0x0 c:/program files (x86)/atmel/studio/7.0/toolchain/avr8/avr8-gnu-toolchain/bin/../lib/gcc/avr/4.9.2/avr5\libgcc.a(_divmodsi4.o)
 .text.libgcc.prologue
                0x00000000        0x0 c:/program files (x86)/atmel/studio/7.0/toolchain/avr8/avr8-gnu-toolchain/bin/../lib/gcc/avr/4.9.2/avr5\libgcc.a(_divmodsi4.o)
 .text.libgcc.builtins
                0x00000000        0x0 c:/program files (x86)/atmel/studio/7.0/toolchain/avr8/avr8-gnu-toolchain/bin/../lib/gcc/avr/4.9.2/avr5\libgcc.a(_divmodsi4.o)
 .text.libgcc.fmul
                0x00000000        0x0 c:/program files (x86)/atmel/studio/7.0/toolchain/avr8/avr8-gnu-toolchain/bin/../lib/gcc/avr/4.9.2/avr5\libgcc.a(_divmodsi4.o)
 .text.libgcc.fixed
                0x00000000        0x0 c:/program files (x86)/atmel/studio/7.0/toolchain/avr8/avr8-gnu-toolchain/bin/../lib/gcc/avr/4.9.2/avr5\libgcc.a(_divmodsi4.o)
 .text          0x00000000        0x0 c:/program files (x86)/atmel/studio/7.0/toolchain/avr8/avr8-gnu-toolchain/bin/../lib/gcc/avr/4.9.2/avr5\libgcc.a(_negsi2.o)
 .data          0x00000000        0x0 c:/program files (x86)/atmel/studio/7.0/toolchain/avr8/avr8-gnu-toolchain/bin/../lib/gcc/avr/4.9.2/avr5\libgcc.a(_negsi2.o)
 .bss           0x00000000        0x0 c:/program files (x86)/atmel/studio/7.0/toolchain/avr8/avr8-gnu-toolchain/bin/../lib/gcc/avr/4.9.2/avr5\libgcc.a(_negsi2.o)
 .text.libgcc.mul
                0x00000000        0x0 c:/program files (x86)/atmel/studio/7.0/toolchain/avr8/avr8-gnu-toolchain/bin/../lib/gcc/avr/4.9.2/avr5\libgcc.a(_negsi2.o)
 .text.libgcc   0x00000000        0x0 c:/program files (x86)/atmel/studio/7.0/toolchain/avr8/avr8-gnu-toolchain/bin/../lib/gcc/avr/4.9.2/avr5\libgcc.a(_negsi2.o)
 .text.libgcc.prologue
                0x00000000        0x0 c:/program files (x86)/atmel/studio/7.0/toolchain/avr8/avr8-gnu-toolchain/bin/../lib/gcc/avr/4.9.2/avr5\libgcc.a(_negsi2.o)
 .text.libgcc.builtins
                0x00000000        0x0 c:/program files (x86)/atmel/studio/7.0/toolchain/avr8/avr8-gnu-toolchain/bin/../lib/gcc/avr/4.9.2/avr5\libgcc.a(_negsi2.o)
 .text.libgcc.fmul
                0x00000000        0x0 c:/program files (x86)/atmel/studio/7.0/toolchain/avr8/avr8-gnu-toolchain/bin/../lib/gcc/avr/4.9.2/avr5\libgcc.a(_negsi2.o)
 .text.libgcc.fixed
                0x00000000        0x0 c:/program files (x86)/atmel/studio/7.0/toolchain/avr8/avr8-gnu-toolchain/bin/../lib/gcc/avr/4.9.2/avr5\libgcc.a(_negsi2.o)
 .text          0x00000000        0x0 c:/program files (x86)/atmel/studio/7.0/toolchain/avr8/avr8-gnu-toolchain/bin/../lib/gcc/avr/4.9.2/avr5\libgcc.a(_exit.o)
 .data          0x00000000        0x0 c:/program files (x86)/atmel/studio/7.0/toolchain/avr8/avr8-gnu-toolchain/bin/../lib/gcc/avr/4.9.2/avr5\libgcc.a(_exit.o)
 .bss           0x00000000        0x0 c:/program files (x86)/atmel/studio/7.0/toolchain/avr8/avr8-gnu-toolchain/bin/../lib/gcc/avr/4.9.2/avr5\libgcc.a(_exit.o)
 .text.libgcc.mul
                0x00000000        0x0 c:/program files (x86)/atmel/studio/7.0/toolchain/avr8/avr8-gnu-toolchain/bin/../lib/gcc/avr/4.9.2/avr5\libgcc.a(_exit.o)
 .text.libgcc.div
                0x00000000        0x0 c:/program files (x86)/atmel/studio/7.0/toolchain/avr8/avr8-gnu-toolchain/bin/../lib/gcc/avr/4.9.2/avr5\libgcc.a(_exit.o)
 .text.libgcc   0x00000000        0x0 c:/program files (x86)/atmel/studio/7.0/toolchain/avr8/avr8-gnu-toolchain/bin/../lib/gcc/avr/4.9.2/avr5\libgcc.a(_exit.o)
 .text.libgcc.prologue
                0x00000000        0x0 c:/program files (x86)/atmel/studio/7.0/toolchain/avr8/avr8-gnu-toolchain/bin/../lib/gcc/avr/4.9.2/avr5\libgcc.a(_exit.o)
 .text.libgcc.builtins
                0x00000000        0x0 c:/program files (x86)/atmel/studio/7.0/toolchain/avr8/avr8-gnu-toolchain/bin/../lib/gcc/avr/4.9.2/avr5\libgcc.a(_exit.o)
 .text.libgcc.fmul
                0x00000000        0x0 c:/program files (x86)/atmel/studio/7.0/toolchain/avr8/avr8-gnu-toolchain/bin/../lib/gcc/avr/4.9.2/avr5\libgcc.a(_exit.o)
 .text.libgcc.fixed
                0x00000000        0x0 c:/program files (x86)/atmel/studio/7.0/toolchain/avr8/avr8-gnu-toolchain/bin/../lib/gcc/avr/4.9.2/avr5\libgcc.a(_exit.o)
 .text          0x00000000        0x0 c:/program files (x86)/atmel/studio/7.0/toolchain/avr8/avr8-gnu-toolchain/bin/../lib/gcc/avr/4.9.2/avr5\libgcc.a(_tablejump2.o)
 .data          0x00000000        0x0 c:/program files (x86)/atmel/studio/7.0/toolchain/avr8/avr8-gnu-toolchain/bin/../lib/gcc/avr/4.9.2/avr5\libgcc.a(_tablejump2.o)
 .bss           0x00000000        0x0 c:/program files (x86)/atmel/studio/7.0/toolchain/avr8/avr8-gnu-toolchain/bin/../lib/gcc/avr/4.9.2/avr5\libgcc.a(_tablejump2.o)
 .text.libgcc.mul
                0x00000000        0x0 c:/program files (x86)/atmel/studio/7.0/toolchain/avr8/avr8-gnu-toolchain/bin/../lib/gcc/avr/4.9.2/avr5\libgcc.a(_tablejump2.o)
 .text.libgcc.div
                0x00000000        0x0 c:/program files (x86)/atmel/studio/7.0/toolchain/avr8/avr8-gnu-toolchain/bin/../lib/gcc/avr/4.9.2/avr5\libgcc.a(_tablejump2.o)
 .text.libgcc.prologue
                0x00000000        0x0 c:/program files (x86)/atmel/studio/7.0/toolchain/avr8/avr8-gnu-toolchain/bin/../lib/gcc/avr/4.9.2/avr5\libgcc.a(_tablejump2.o)
 .text.libgcc.builtins
                0x00000000        0x0 c:/program files (x86)/atmel/studio/7.0/toolchain/avr8/avr8-gnu-toolchain/bin/../lib/gcc/avr/4.9.2/avr5\libgcc.a(_tablejump2.o)
 .text.libgcc.fmul
                0x00000000        0x0 c:/program files (x86)/atmel/studio/7.0/toolchain/avr8/avr8-gnu-toolchain/bin/../lib/gcc/avr/4.9.2/avr5\libgcc.a(_tablejump2.o)
 .text.libgcc.fixed
                0x00000000        0x0 c:/program files (x86)/atmel/studio/7.0/toolchain/avr8/avr8-gnu-toolchain/bin/../lib/gcc/avr/4.9.2/avr5\libgcc.a(_tablejump2.o)
 .text          0x00000000        0x0 c:/program files (x86)/atmel/studio/7.0/toolchain/avr8/avr8-gnu-toolchain/bin/../lib/gcc/avr/4.9.2/avr5\libgcc.a(_clear_bss.o)
 .data          0x00000000        0x0 c:/program files (x86)/atmel/studio/7.0/toolchain/avr8/avr8-gnu-toolchain/bin/../lib/gcc/avr/4.9.2/avr5\libgcc.a(_clear_bss.o)
 .bss           0x00000000        0x0 c:/program files (x86)/atmel/studio/7.0/toolchain/avr8/avr8-gnu-toolchain/bin/../lib/gcc/avr/4.9.2/avr5\libgcc.a(_clear_bss.o)
 .text.libgcc.mul
                0x00000000        0x0 c:/program files (x86)/atmel/studio/7.0/toolchain/avr8/avr8-gnu-toolchain/bin/../lib/gcc/avr/4.9.2/avr5\libgcc.a(_clear_bss.o)
 .text.libgcc.div
                0x00000000        0x0 c:/program files (x86)/atmel/studio/7.0/toolchain/avr8/avr8-gnu-toolchain/bin/../lib/gcc/avr/4.9.2/avr5\libgcc.a(_clear_bss.o)
 .text.libgcc   0x00000000        0x0 c:/program files (x86)/atmel/studio/7.0/toolchain/avr8/avr8-gnu-toolchain/bin/../lib/gcc/avr/4.9.2/avr5\libgcc.a(_clear_bss.o)
 .text.libgcc.prologue
                0x00000000        0x0 c:/program files (x86)/atmel/studio/7.0/toolchain/avr8/avr8-gnu-toolchain/bin/../lib/gcc/avr/4.9.2/avr5\libgcc.a(_clear_bss.o)
 .text.libgcc.builtins
                0x00000000        0x0 c:/program files (x86)/atmel/studio/7.0/toolchain/avr8/avr8-gnu-toolchain/bin/../lib/gcc/avr/4.9.2/avr5\libgcc.a(_clear_bss.o)
 .text.libgcc.fmul
                0x00000000        0x0 c:/program files (x86)/atmel/studio/7.0/toolchain/avr8/avr8-gnu-toolchain/bin/../lib/gcc/avr/4.9.2/avr5\libgcc.a(_clear_bss.o)
 .text.libgcc.fixed
                0x00000000        0x0 c:/program files (x86)/atmel/studio/7.0/toolchain/avr8/avr8-gnu-toolchain/bin/../lib/gcc/avr/4.9.2/avr5\libgcc.a(_clear_bss.o)
 .text          0x00000000        0x0 c:/program files (x86)/atmel/studio/7.0/toolchain/avr8/avr8-gnu-toolchain/bin/../lib/gcc/avr/4.9.2/avr5\libgcc.a(_umulhisi3.o)
 .data          0x00000000        0x0 c:/program files (x86)/atmel/studio/7.0/toolchain/avr8/avr8-gnu-toolchain/bin/../lib/gcc/avr/4.9.2/avr5\libgcc.a(_umulhisi3.o)
 .bss           0x00000000        0x0 c:/program files (x86)/atmel/studio/7.0/toolchain/avr8/avr8-gnu-toolchain/bin/../lib/gcc/avr/4.9.2/avr5\libgcc.a(_umulhisi3.o)
 .text.libgcc.div
                0x00000000        0x0 c:/program files (x86)/atmel/studio/7.0/toolchain/avr8/avr8-gnu-toolchain/bin/../lib/gcc/avr/4.9.2/avr5\libgcc.a(_umulhisi3.o)
 .text.libgcc   0x00000000        0x0 c:/program files (x86)/atmel/studio/7.0/toolchain/avr8/avr8-gnu-toolchain/bin/../lib/gcc/avr/4.9.2/avr5\libgcc.a(_umulhisi3.o)
 .text.libgcc.prologue
                0x00000000        0x0 c:/program files (x86)/atmel/studio/7.0/toolchain/avr8/avr8-gnu-toolchain/bin/../lib/gcc/avr/4.9.2/avr5\libgcc.a(_umulhisi3.o)
 .text.libgcc.builtins
                0x00000000        0x0 c:/program files (x86)/atmel/studio/7.0/toolchain/avr8/avr8-gnu-toolchain/bin/../lib/gcc/avr/4.9.2/avr5\libgcc.a(_umulhisi3.o)
 .text.libgcc.fmul
                0x00000000        0x0 c:/program files (x86)/atmel/studio/7.0/toolchain/avr8/avr8-gnu-toolchain/bin/../lib/gcc/avr/4.9.2/avr5\libgcc.a(_umulhisi3.o)
 .text.libgcc.fixed
                0x00000000        0x0 c:/program files (x86)/atmel/studio/7.0/toolchain/avr8/avr8-gnu-toolchain/bin/../lib/gcc/avr/4.9.2/avr5\libgcc.a(_umulhisi3.o)
 .text          0x00000000        0x0 c:/program files (x86)/atmel/studio/7.0/toolchain/avr8/avr8-gnu-toolchain/bin/../lib/gcc/avr/4.9.2/avr5\libgcc.a(_usmulhisi3.o)
 .data          0x00000000        0x0 c:/program files (x86)/atmel/studio/7.0/toolchain/avr8/avr8-gnu-toolchain/bin/../lib/gcc/avr/4.9.2/avr5\libgcc.a(_usmulhisi3.o)
 .bss           0x00000000        0x0 c:/program files (x86)/atmel/studio/7.0/toolchain/avr8/avr8-gnu-toolchain/bin/../lib/gcc/avr/4.9.2/avr5\libgcc.a(_usmulhisi3.o)
 .text.libgcc.div
                0x00000000        0x0 c:/program files (x86)/atmel/studio/7.0/toolchain/avr8/avr8-gnu-toolchain/bin/../lib/gcc/avr/4.9.2/avr5\libgcc.a(_usmulhisi3.o)
 .text.libgcc   0x00000000        0x0 c:/program files (x86)/atmel/studio/7.0/toolchain/avr8/avr8-gnu-toolchain/bin/../lib/gcc/avr/4.9.2/avr5\libgcc.a(_usmulhisi3.o)
 .text.libgcc.prologue
                0x00000000        0x0 c:/program files (x86)/atmel/studio/7.0/toolchain/avr8/avr8-gnu-toolchain/bin/../lib/gcc/avr/4.9.2/avr5\libgcc.a(_usmulhisi3.o)
 .text.libgcc.builtins
                0x00000000        0x0 c:/program files (x86)/atmel/studio/7.0/toolchain/avr8/avr8-gnu-toolchain/bin/../lib/gcc/avr/4.9.2/avr5\libgcc.a(_usmulhisi3.o)
 .text.libgcc.fmul
                0x00000000        0x0 c:/program files (x86)/atmel/studio/7.0/toolchain/avr8/avr8-gnu-toolchain/bin/../lib/gcc/avr/4.9.2/avr5\libgcc.a(_usmulhisi3.o)
 .text.libgcc.fixed
                0x00000000        0x0 c:/program files (x86)/atmel/studio/7.0/toolchain/avr8/avr8-gnu-toolchain/bin/../lib/gcc/avr/4.9.2/avr5\libgcc.a(_usmulhisi3.o)
 .text          0x00000000        0x0 c:/program files (x86)/atmel/studio/7.0/toolchain/avr8/avr8-gnu-toolchain/bin/../lib/gcc/avr/4.9.2/avr5\libgcc.a(_muluhisi3.o)
 .data          0x00000000        0x0 c:/program files (x86)/atmel/studio/7.0/toolchain/avr8/avr8-gnu-toolchain/bin/../lib/gcc/avr/4.9.2/avr5\libgcc.a(_muluhisi3.o)
 .bss           0x00000000        0x0 c:/program files (x86)/atmel/studio/7.0/toolchain/avr8/avr8-gnu-toolchain/bin/../lib/gcc/avr/4.9.2/avr5\libgcc.a(_muluhisi3.o)
 .text.libgcc.div
                0x00000000        0x0 c:/program files (x86)/atmel/studio/7.0/toolchain/avr8/avr8-gnu-toolchain/bin/../lib/gcc/avr/4.9.2/avr5\libgcc.a(_muluhisi3.o)
 .text.libgcc   0x00000000        0x0 c:/program files (x86)/atmel/studio/7.0/toolchain/avr8/avr8-gnu-toolchain/bin/../lib/gcc/avr/4.9.2/avr5\libgcc.a(_muluhisi3.o)
 .text.libgcc.prologue
                0x00000000        0x0 c:/program files (x86)/atmel/studio/7.0/toolchain/avr8/avr8-gnu-toolchain/bin/../lib/gcc/avr/4.9.2/avr5\libgcc.a(_muluhisi3.o)
 .text.libgcc.builtins
                0x00000000        0x0 c:/program files (x86)/atmel/studio/7.0/toolchain/avr8/avr8-gnu-toolchain/bin/../lib/gcc/avr/4.9.2/avr5\libgcc.a(_muluhisi3.o)
 .text.libgcc.fmul
                0x00000000        0x0 c:/program files (x86)/atmel/studio/7.0/toolchain/avr8/avr8-gnu-toolchain/bin/../lib/gcc/avr/4.9.2/avr5\libgcc.a(_muluhisi3.o)
 .text.libgcc.fixed
                0x00000000        0x0 c:/program files (x86)/atmel/studio/7.0/toolchain/avr8/avr8-gnu-toolchain/bin/../lib/gcc/avr/4.9.2/avr5\libgcc.a(_muluhisi3.o)
 .text          0x00000000        0x0 c:/program files (x86)/atmel/studio/7.0/toolchain/avr8/avr8-gnu-toolchain/bin/../lib/gcc/avr/4.9.2/../../../../avr/lib/avr5\libc.a(utoa_ncheck.o)
 .data          0x00000000        0x0 c:/program files (x86)/atmel/studio/7.0/toolchain/avr8/avr8-gnu-toolchain/bin/../lib/gcc/avr/4.9.2/../../../../avr/lib/avr5\libc.a(utoa_ncheck.o)
 .bss           0x00000000        0x0 c:/program files (x86)/atmel/studio/7.0/toolchain/avr8/avr8-gnu-toolchain/bin/../lib/gcc/avr/4.9.2/../../../../avr/lib/avr5\libc.a(utoa_ncheck.o)
 .text          0x00000000        0x0 c:/program files (x86)/atmel/studio/7.0/toolchain/avr8/avr8-gnu-toolchain/bin/../lib/gcc/avr/4.9.2/../../../../avr/lib/avr5\libc.a(strrev.o)
 .data          0x00000000        0x0 c:/program files (x86)/atmel/studio/7.0/toolchain/avr8/avr8-gnu-toolchain/bin/../lib/gcc/avr/4.9.2/../../../../avr/lib/avr5\libc.a(strrev.o)
 .bss           0x00000000        0x0 c:/program files (x86)/atmel/studio/7.0/toolchain/avr8/avr8-gnu-toolchain/bin/../lib/gcc/avr/4.9.2/../../../../avr/lib/avr5\libc.a(strrev.o)
 .text          0x00000000        0x0 C:/Program Files (x86)/Atmel/Studio/7.0/Packs/atmel/ATmega_DFP/1.0.90/gcc/dev/atmega328/avr5\libatmega328.a(eerd_byte.o)
 .data          0x00000000        0x0 C:/Program Files (x86)/Atmel/Studio/7.0/Packs/atmel/ATmega_DFP/1.0.90/gcc/dev/atmega328/avr5\libatmega328.a(eerd_byte.o)
 .bss           0x00000000        0x0 C:/Program Files (x86)/Atmel/Studio/7.0/Packs/atmel/ATmega_DFP/1.0.90/gcc/dev/atmega328/avr5\libatmega328.a(eerd_byte.o)
 .text          0x00000000        0x0 C:/Program Files (x86)/Atmel/Studio/7.0/Packs/atmel/ATmega_DFP/1.0.90/gcc/dev/atmega328/avr5\libatmega328.a(eerd_word.o)
 .data          0x00000000        0x0 C:/Program Files (x86)/Atmel/Studio/7.0/Packs/atmel/ATmega_DFP/1.0.90/gcc/dev/atmega328/avr5\libatmega328.a(eerd_word.o)
 .bss           0x00000000        0x0 C:/Program Files (x86)/Atmel/Studio/7.0/Packs/atmel/ATmega_DFP/1.0.90/gcc/dev/atmega328/avr5\libatmega328.a(eerd_word.o)
 .text          0x00000000        0x0 C:/Program Files (x86)/Atmel/Studio/7.0/Packs/atmel/ATmega_DFP/1.0.90/gcc/dev/atmega328/avr5\libatmega328.a(eewr_byte.o)
 .data          0x00000000        0x0 C:/Program Files (x86)/Atmel/Studio/7.0/Packs/atmel/ATmega_DFP/1.0.90/gcc/dev/atmega328/avr5\libatmega328.a(eewr_byte.o)
 .bss           0x00000000        0x0 C:/Program Files (x86)/Atmel/Studio/7.0/Packs/atmel/ATmega_DFP/1.0.90/gcc/dev/atmega328/avr5\libatmega328.a(eewr_byte.o)
 .text          0x00000000        0x0 C:/Program Files (x86)/Atmel/Studio/7.0/Packs/atmel/ATmega_DFP/1.0.90/gcc/dev/atmega328/avr5\libatmega328.a(eerd_block.o)
 .data          0x00000000        0x0 C:/Program Files (x86)/Atmel/Studio/7.0/Packs/atmel/ATmega_DFP/1.0.90/gcc/dev/atmega328/avr5\libatmega328.a(eerd_block.o)
 .bss           0x00000000        0x0 C:/Program Files (x86)/Atmel/Studio/7.0/Packs/atmel/ATmega_DFP/1.0.90/gcc/dev/atmega328/avr5\libatmega328.a(eerd_block.o)

Memory Configuration

Name             Origin             Length             Attributes
text             0x00000000         0x00020000         xr
data             0x00800060         0x0000ffa0         rw !x
eeprom           0x00810000         0x00010000         rw !x
fuse             0x00820000         0x00000400         rw !x
lock             0x00830000         0x00000400         rw !x
signature        0x00840000         0x00000400         rw !x
user_signatures  0x00850000         0x00000400         rw !x
*default*        0x00000000         0xffffffff

Linker script and memory map

Address of section .data set to 0x800100
LOAD C:/Program Files (x86)/Atmel/Studio/7.0/Packs/atmel/ATmega_DFP/1.0.90/gcc/dev/atmega328/avr5/crtatmega328.o
LOAD ADC.o
LOAD adjust.o
LOAD ADS7843.o
LOAD cap.o
LOAD display.o
LOAD extras.o
LOAD HD44780_Par4.o
LOAD ILI9341_SPI.o
LOAD inductor.o
LOAD IR.o
LOAD main.o
LOAD pause.o
LOAD probes.o
LOAD resistor.o
LOAD semi.o
LOAD ST7565R_SPI.o
LOAD user.o
START GROUP
LOAD c:/program files (x86)/atmel/studio/7.0/toolchain/avr8/avr8-gnu-toolchain/bin/../lib/gcc/avr/4.9.2/../../../../avr/lib/avr5\libm.a
END GROUP
START GROUP
LOAD c:/program files (x86)/atmel/studio/7.0/toolchain/avr8/avr8-gnu-toolchain/bin/../lib/gcc/avr/4.9.2/avr5\libgcc.a
LOAD c:/program files (x86)/atmel/studio/7.0/toolchain/avr8/avr8-gnu-toolchain/bin/../lib/gcc/avr/4.9.2/../../../../avr/lib/avr5\libm.a
LOAD c:/program files (x86)/atmel/studio/7.0/toolchain/avr8/avr8-gnu-toolchain/bin/../lib/gcc/avr/4.9.2/../../../../avr/lib/avr5\libc.a
LOAD C:/Program Files (x86)/Atmel/Studio/7.0/Packs/atmel/ATmega_DFP/1.0.90/gcc/dev/atmega328/avr5\libatmega328.a
END GROUP

.hash
 *(.hash)

.dynsym
 *(.dynsym)

.dynstr
 *(.dynstr)

.gnu.version
 *(.gnu.version)

.gnu.version_d
 *(.gnu.version_d)

.gnu.version_r
 *(.gnu.version_r)

.rel.init
 *(.rel.init)

.rela.init
 *(.rela.init)

.rel.text
 *(.rel.text)
 *(.rel.text.*)
 *(.rel.gnu.linkonce.t*)

.rela.text
 *(.rela.text)
 *(.rela.text.*)
 *(.rela.gnu.linkonce.t*)

.rel.fini
 *(.rel.fini)

.rela.fini
 *(.rela.fini)

.rel.rodata
 *(.rel.rodata)
 *(.rel.rodata.*)
 *(.rel.gnu.linkonce.r*)

.rela.rodata
 *(.rela.rodata)
 *(.rela.rodata.*)
 *(.rela.gnu.linkonce.r*)

.rel.data
 *(.rel.data)
 *(.rel.data.*)
 *(.rel.gnu.linkonce.d*)

.rela.data
 *(.rela.data)
 *(.rela.data.*)
 *(.rela.gnu.linkonce.d*)

.rel.ctors
 *(.rel.ctors)

.rela.ctors
 *(.rela.ctors)

.rel.dtors
 *(.rel.dtors)

.rela.dtors
 *(.rela.dtors)

.rel.got
 *(.rel.got)

.rela.got
 *(.rela.got)

.rel.bss
 *(.rel.bss)

.rela.bss
 *(.rela.bss)

.rel.plt
 *(.rel.plt)

.rela.plt
 *(.rela.plt)

.text           0x00000000     0x6e8c
 *(.vectors)
 .vectors       0x00000000       0x68 C:/Program Files (x86)/Atmel/Studio/7.0/Packs/atmel/ATmega_DFP/1.0.90/gcc/dev/atmega328/avr5/crtatmega328.o
                0x00000000                __vector_default
                0x00000000                __vectors
 *(.vectors)
 *(.progmem.gcc*)
 .progmem.gcc_sw_table.main
                0x00000068       0x32 main.o
 .progmem.gcc_sw_table.MainMenu
                0x0000009a       0x1a user.o
                0x000000b4                . = ALIGN (0x2)
                0x000000b4                __trampolines_start = .
 *(.trampolines)
 .trampolines   0x000000b4        0x0 linker stubs
 *(.trampolines*)
                0x000000b4                __trampolines_end = .
 *(.progmem*)
 .progmem.data.PinTable
                0x000000b4       0x24 ST7565R_SPI.o
                0x000000b4                PinTable
 .progmem.data.SymbolData
                0x000000d8      0x360 ST7565R_SPI.o
                0x000000d8                SymbolData
 .progmem.data.FontTable
                0x00000438      0x100 ST7565R_SPI.o
                0x00000438                FontTable
 .progmem.data.FontData
                0x00000538      0x378 ST7565R_SPI.o
                0x00000538                FontData
                0x000008b0                . = ALIGN (0x2)
 *(.jumptables)
 *(.jumptables*)
 *(.lowtext)
 *(.lowtext*)
                0x000008b0                __ctors_start = .
 *(.ctors)
                0x000008b0                __ctors_end = .
                0x000008b0                __dtors_start = .
 *(.dtors)
                0x000008b0                __dtors_end = .
 SORT(*)(.ctors)
 SORT(*)(.dtors)
 *(.init0)
 .init0         0x000008b0        0x0 C:/Program Files (x86)/Atmel/Studio/7.0/Packs/atmel/ATmega_DFP/1.0.90/gcc/dev/atmega328/avr5/crtatmega328.o
                0x000008b0                __init
 *(.init0)
 *(.init1)
 *(.init1)
 *(.init2)
 .init2         0x000008b0        0xc C:/Program Files (x86)/Atmel/Studio/7.0/Packs/atmel/ATmega_DFP/1.0.90/gcc/dev/atmega328/avr5/crtatmega328.o
 *(.init2)
 *(.init3)
 *(.init3)
 *(.init4)
 .init4         0x000008bc       0x10 c:/program files (x86)/atmel/studio/7.0/toolchain/avr8/avr8-gnu-toolchain/bin/../lib/gcc/avr/4.9.2/avr5\libgcc.a(_clear_bss.o)
                0x000008bc                __do_clear_bss
 *(.init4)
 *(.init5)
 *(.init5)
 *(.init6)
 *(.init6)
 *(.init7)
 *(.init7)
 *(.init8)
 *(.init8)
 *(.init9)
 .init9         0x000008cc        0x8 C:/Program Files (x86)/Atmel/Studio/7.0/Packs/atmel/ATmega_DFP/1.0.90/gcc/dev/atmega328/avr5/crtatmega328.o
 *(.init9)
 *(.text)
 .text          0x000008d4        0x4 C:/Program Files (x86)/Atmel/Studio/7.0/Packs/atmel/ATmega_DFP/1.0.90/gcc/dev/atmega328/avr5/crtatmega328.o
                0x000008d4                __vector_22
                0x000008d4                __vector_1
                0x000008d4                __vector_24
                0x000008d4                __vector_12
                0x000008d4                __bad_interrupt
                0x000008d4                __vector_6
                0x000008d4                __vector_3
                0x000008d4                __vector_23
                0x000008d4                __vector_25
                0x000008d4                __vector_11
                0x000008d4                __vector_13
                0x000008d4                __vector_17
                0x000008d4                __vector_19
                0x000008d4                __vector_5
                0x000008d4                __vector_4
                0x000008d4                __vector_9
                0x000008d4                __vector_2
                0x000008d4                __vector_21
                0x000008d4                __vector_15
                0x000008d4                __vector_8
                0x000008d4                __vector_14
                0x000008d4                __vector_10
                0x000008d4                __vector_16
                0x000008d4                __vector_18
                0x000008d4                __vector_20
                0x000008d8                . = ALIGN (0x2)
 *(.text.*)
 .text.ReadU    0x000008d8      0x128 ADC.o
                0x000008d8                ReadU
 .text.ReadU_5ms
                0x00000a00       0x12 ADC.o
                0x00000a00                ReadU_5ms
 .text.ReadU_20ms
                0x00000a12       0x18 ADC.o
                0x00000a12                ReadU_20ms
 .text.SetAdjustDefaults
                0x00000a2a       0x2c adjust.o
                0x00000a2a                SetAdjustDefaults
 .text.CheckSum
                0x00000a56       0x1a adjust.o
                0x00000a56                CheckSum
 .text.ManageAdjust
                0x00000a70       0x8e adjust.o
                0x00000a70                ManageAdjust
 .text.ShowAdjust
                0x00000afe       0xd8 adjust.o
                0x00000afe                ShowAdjust
 .text.SelfAdjust
                0x00000bd6      0x510 adjust.o
                0x00000bd6                SelfAdjust
 .text.SelfTest
                0x000010e6      0x308 adjust.o
                0x000010e6                SelfTest
 .text.DelayTimer
                0x000013ee       0x12 cap.o
                0x000013ee                DelayTimer
 .text.MeasureESR
                0x00001400      0x30e cap.o
                0x00001400                MeasureESR
 .text.LargeCap
                0x0000170e      0x31e cap.o
                0x0000170e                LargeCap
 .text.SmallCap
                0x00001a2c      0x38e cap.o
                0x00001a2c                SmallCap
 .text.MeasureCap
                0x00001dba      0x1e8 cap.o
                0x00001dba                MeasureCap
 .text.LCD_NextLine
                0x00001fa2       0x4a display.o
                0x00001fa2                LCD_NextLine
 .text.LCD_EEString
                0x00001fec       0x1e display.o
                0x00001fec                LCD_EEString
 .text.LCD_ProbeNumber
                0x0000200a        0x8 display.o
                0x0000200a                LCD_ProbeNumber
 .text.LCD_ClearLine2
                0x00002012       0x10 display.o
                0x00002012                LCD_ClearLine2
 .text.LCD_Space
                0x00002022        0x8 display.o
                0x00002022                LCD_Space
 .text.LCD_EEString_Space
                0x0000202a        0xa display.o
                0x0000202a                LCD_EEString_Space
 .text.LCD_NextLine_Mode
                0x00002034        0x6 display.o
                0x00002034                LCD_NextLine_Mode
 .text.LCD_NextLine_EEString
                0x0000203a       0x16 display.o
                0x0000203a                LCD_NextLine_EEString
 .text.LCD_NextLine_EEString_Space
                0x00002050       0x1a display.o
                0x00002050                LCD_NextLine_EEString_Space
 .text.ToolInfo
                0x0000206a       0x58 extras.o
                0x0000206a                ToolInfo
 .text.PWM_Tool
                0x000020c2      0x202 extras.o
                0x000020c2                PWM_Tool
 .text.ESR_Tool
                0x000022c4       0xbc extras.o
                0x000022c4                ESR_Tool
 .text.CheckEncoder
                0x00002380      0x114 extras.o
                0x00002380                CheckEncoder
 .text.Encoder_Tool
                0x00002494       0xa0 extras.o
                0x00002494                Encoder_Tool
 .text.MeasureInductance
                0x00002534      0x1e8 inductor.o
                0x00002534                MeasureInductance
 .text.MeasureInductor
                0x0000271c      0x26a inductor.o
                0x0000271c                MeasureInductor
 .text.DisplayHexDigit
                0x00002986       0x10 IR.o
                0x00002986                DisplayHexDigit
 .text.DisplayHex
                0x00002996       0x18 IR.o
                0x00002996                DisplayHex
 .text.PulseCheck
                0x000029ae       0x36 IR.o
                0x000029ae                PulseCheck
 .text.BiPhase_Demod
                0x000029e4      0x1ae IR.o
                0x000029e4                BiPhase_Demod
 .text.PxM_Demod
                0x00002b92      0x102 IR.o
                0x00002b92                PxM_Demod
 .text.SpecialBiPhasePulse
                0x00002c94       0xb4 IR.o
                0x00002c94                SpecialBiPhasePulse
 .text.Codebits
                0x00002d48       0x64 IR.o
                0x00002d48                Codebits
 .text.IR_Decode
                0x00002dac      0x70a IR.o
                0x00002dac                IR_Decode
 .text.IR_Detector
                0x000034b6      0x158 IR.o
                0x000034b6                IR_Detector
 .text.Show_SemiPinout
                0x0000360e       0xb0 main.o
                0x0000360e                Show_SemiPinout
 .text.Show_Fail
                0x000036be       0x20 main.o
                0x000036be                Show_Fail
 .text.Show_Error
                0x000036de       0x42 main.o
                0x000036de                Show_Error
 .text.Show_SingleResistor
                0x00003720       0x32 main.o
                0x00003720                Show_SingleResistor
 .text.Show_Resistor
                0x00003752      0x1aa main.o
                0x00003752                Show_Resistor
 .text.Show_Capacitor
                0x000038fc       0xaa main.o
                0x000038fc                Show_Capacitor
 .text.Show_Diode_Cap
                0x000039a6       0x26 main.o
                0x000039a6                Show_Diode_Cap
 .text.Show_Diode
                0x000039cc      0x3d6 main.o
                0x000039cc                Show_Diode
 .text.Show_FlybackDiode
                0x00003da2       0x48 main.o
                0x00003da2                Show_FlybackDiode
 .text.Show_BJT
                0x00003dea      0x1a8 main.o
                0x00003dea                Show_BJT
 .text.Show_FET_Extras
                0x00003f92       0x6a main.o
                0x00003f92                Show_FET_Extras
 .text.Show_FET_Channel
                0x00003ffc       0x24 main.o
                0x00003ffc                Show_FET_Channel
 .text.Show_FET_Mode
                0x00004020       0x20 main.o
                0x00004020                Show_FET_Mode
 .text.Show_FET
                0x00004040       0x60 main.o
                0x00004040                Show_FET
 .text.Show_IGBT
                0x000040a0       0x28 main.o
                0x000040a0                Show_IGBT
 .text.Show_Special
                0x000040c8       0x64 main.o
                0x000040c8                Show_Special
 .text.main     0x0000412c      0x3c6 main.o
                0x0000412c                main
 .text.__vector_7
                0x000044f2       0x1a pause.o
                0x000044f2                __vector_7
 .text.MilliSleep
                0x0000450c       0xfc pause.o
                0x0000450c                MilliSleep
 .text.UpdateProbes
                0x00004608       0x8c probes.o
                0x00004608                UpdateProbes
 .text.ShortedProbes
                0x00004694       0x8e probes.o
                0x00004694                ShortedProbes
 .text.AllProbesShorted
                0x00004722       0x24 probes.o
                0x00004722                AllProbesShorted
 .text.DischargeProbes
                0x00004746      0x190 probes.o
                0x00004746                DischargeProbes
 .text.PullProbe
                0x000048d6       0x4a probes.o
                0x000048d6                PullProbe
 .text.GetFactor
                0x00004920       0xda probes.o
                0x00004920                GetFactor
 .text.CheckProbes
                0x000049fa      0x12a probes.o
                0x000049fa                CheckProbes
 .text.SmallResistor
                0x00004b24      0x254 resistor.o
                0x00004b24                SmallResistor
 .text.CheckResistor
                0x00004d78      0x5d2 resistor.o
                0x00004d78                CheckResistor
 .text.CheckSingleResistor
                0x0000534a       0x24 resistor.o
                0x0000534a                CheckSingleResistor
 .text.Get_hFE_C
                0x0000536e      0x160 semi.o
                0x0000536e                Get_hFE_C
 .text.GetGateThreshold
                0x000054ce      0x156 semi.o
                0x000054ce                GetGateThreshold
 .text.GetLeakageCurrent
                0x00005624       0x8c semi.o
                0x00005624                GetLeakageCurrent
 .text.CheckDiode
                0x000056b0      0x2e0 semi.o
                0x000056b0                CheckDiode
 .text.VerifyMOSFET
                0x00005990       0x5a semi.o
                0x00005990                VerifyMOSFET
 .text.CheckBJTorEnhModeMOSFET
                0x000059ea      0x2c4 semi.o
                0x000059ea                CheckBJTorEnhModeMOSFET
 .text.CheckDepletionModeFET
                0x00005cae      0x1dc semi.o
                0x00005cae                CheckDepletionModeFET
 .text.CheckThyristorTriac
                0x00005e8a      0x14a semi.o
                0x00005e8a                CheckThyristorTriac
 .text.LCD_BusSetup
                0x00005fd4       0x10 ST7565R_SPI.o
                0x00005fd4                LCD_BusSetup
 .text.LCD_Send
                0x00005fe4       0x1c ST7565R_SPI.o
                0x00005fe4                LCD_Send
 .text.LCD_Cmd  0x00006000        0x8 ST7565R_SPI.o
                0x00006000                LCD_Cmd
 .text.LCD_Data
                0x00006008        0x8 ST7565R_SPI.o
                0x00006008                LCD_Data
 .text.LCD_Pos  0x00006010       0x3a ST7565R_SPI.o
                0x00006010                LCD_Pos
 .text.LCD_ClearLine
                0x0000604a       0x42 ST7565R_SPI.o
                0x0000604a                LCD_ClearLine
 .text.LCD_Clear
                0x0000608c       0x1c ST7565R_SPI.o
                0x0000608c                LCD_Clear
 .text.LCD_Contrast
                0x000060a8       0x1c ST7565R_SPI.o
                0x000060a8                LCD_Contrast
 .text.LCD_Init
                0x000060c4       0x72 ST7565R_SPI.o
                0x000060c4                LCD_Init
 .text.LCD_Char
                0x00006136       0x52 ST7565R_SPI.o
                0x00006136                LCD_Char
 .text.LCD_Cursor
                0x00006188       0x22 ST7565R_SPI.o
                0x00006188                LCD_Cursor
 .text.LCD_Symbol
                0x000061aa       0x88 ST7565R_SPI.o
                0x000061aa                LCD_Symbol
 .text.LCD_FancyProbeNumber
                0x00006232       0x30 ST7565R_SPI.o
                0x00006232                LCD_FancyProbeNumber
 .text.LCD_FancySemiPinout
                0x00006262       0xa8 ST7565R_SPI.o
                0x00006262                LCD_FancySemiPinout
 .text.NumberOfDigits
                0x0000630a       0x4e user.o
                0x0000630a                NumberOfDigits
 .text.CmpValue
                0x00006358      0x100 user.o
                0x00006358                CmpValue
 .text.RescaleValue
                0x00006458       0x7e user.o
                0x00006458                RescaleValue
 .text.DisplayValue
                0x000064d6      0x192 user.o
                0x000064d6                DisplayValue
 .text.DisplaySignedValue
                0x00006668       0x48 user.o
                0x00006668                DisplaySignedValue
 .text.TestKey  0x000066b0       0xe4 user.o
                0x000066b0                TestKey
 .text.WaitKey  0x00006794        0xc user.o
                0x00006794                WaitKey
 .text.ShortCircuit
                0x000067a0       0x76 user.o
                0x000067a0                ShortCircuit
 .text.ChangeContrast
                0x00006816       0x8e user.o
                0x00006816                ChangeContrast
 .text.MenuTool
                0x000068a4      0x1ee user.o
                0x000068a4                MenuTool
 .text.AdjustmentMenu
                0x00006a92       0x8c user.o
                0x00006a92                AdjustmentMenu
 .text.PresentMainMenu
                0x00006b1e       0xce user.o
                0x00006b1e                PresentMainMenu
 .text.MainMenu
                0x00006bec       0xb0 user.o
                0x00006bec                MainMenu
 .text.libgcc.mul
                0x00006c9c       0x20 c:/program files (x86)/atmel/studio/7.0/toolchain/avr8/avr8-gnu-toolchain/bin/../lib/gcc/avr/4.9.2/avr5\libgcc.a(_mulsi3.o)
                0x00006c9c                __mulsi3
 .text.libgcc.div
                0x00006cbc       0x28 c:/program files (x86)/atmel/studio/7.0/toolchain/avr8/avr8-gnu-toolchain/bin/../lib/gcc/avr/4.9.2/avr5\libgcc.a(_udivmodhi4.o)
                0x00006cbc                __udivmodhi4
 .text.libgcc.div
                0x00006ce4       0x28 c:/program files (x86)/atmel/studio/7.0/toolchain/avr8/avr8-gnu-toolchain/bin/../lib/gcc/avr/4.9.2/avr5\libgcc.a(_divmodhi4.o)
                0x00006ce4                _div
                0x00006ce4                __divmodhi4
 .text.libgcc.div
                0x00006d0c       0x44 c:/program files (x86)/atmel/studio/7.0/toolchain/avr8/avr8-gnu-toolchain/bin/../lib/gcc/avr/4.9.2/avr5\libgcc.a(_udivmodsi4.o)
                0x00006d0c                __udivmodsi4
 .text.libgcc.div
                0x00006d50       0x2e c:/program files (x86)/atmel/studio/7.0/toolchain/avr8/avr8-gnu-toolchain/bin/../lib/gcc/avr/4.9.2/avr5\libgcc.a(_divmodsi4.o)
                0x00006d50                __divmodsi4
 .text.libgcc.div
                0x00006d7e       0x10 c:/program files (x86)/atmel/studio/7.0/toolchain/avr8/avr8-gnu-toolchain/bin/../lib/gcc/avr/4.9.2/avr5\libgcc.a(_negsi2.o)
                0x00006d7e                __negsi2
 .text.libgcc   0x00006d8e        0xc c:/program files (x86)/atmel/studio/7.0/toolchain/avr8/avr8-gnu-toolchain/bin/../lib/gcc/avr/4.9.2/avr5\libgcc.a(_tablejump2.o)
                0x00006d8e                __tablejump2__
 .text.libgcc.mul
                0x00006d9a       0x1e c:/program files (x86)/atmel/studio/7.0/toolchain/avr8/avr8-gnu-toolchain/bin/../lib/gcc/avr/4.9.2/avr5\libgcc.a(_umulhisi3.o)
                0x00006d9a                __umulhisi3
 .text.libgcc.mul
                0x00006db8        0xe c:/program files (x86)/atmel/studio/7.0/toolchain/avr8/avr8-gnu-toolchain/bin/../lib/gcc/avr/4.9.2/avr5\libgcc.a(_usmulhisi3.o)
                0x00006db8                __usmulhisi3
                0x00006dbc                __usmulhisi3_tail
 .text.libgcc.mul
                0x00006dc6       0x16 c:/program files (x86)/atmel/studio/7.0/toolchain/avr8/avr8-gnu-toolchain/bin/../lib/gcc/avr/4.9.2/avr5\libgcc.a(_muluhisi3.o)
                0x00006dc6                __muluhisi3
 .text.avr-libc
                0x00006ddc       0x34 c:/program files (x86)/atmel/studio/7.0/toolchain/avr8/avr8-gnu-toolchain/bin/../lib/gcc/avr/4.9.2/../../../../avr/lib/avr5\libc.a(utoa_ncheck.o)
                0x00006ddc                __utoa_ncheck
                0x00006dde                __utoa_common
 .text.avr-libc
                0x00006e10       0x20 c:/program files (x86)/atmel/studio/7.0/toolchain/avr8/avr8-gnu-toolchain/bin/../lib/gcc/avr/4.9.2/../../../../avr/lib/avr5\libc.a(strrev.o)
                0x00006e10                strrev
 .text.avr-libc
                0x00006e30       0x10 C:/Program Files (x86)/Atmel/Studio/7.0/Packs/atmel/ATmega_DFP/1.0.90/gcc/dev/atmega328/avr5\libatmega328.a(eerd_byte.o)
                0x00006e30                eeprom_read_byte
 .text.avr-libc
                0x00006e40        0xc C:/Program Files (x86)/Atmel/Studio/7.0/Packs/atmel/ATmega_DFP/1.0.90/gcc/dev/atmega328/avr5\libatmega328.a(eerd_word.o)
                0x00006e40                eeprom_read_word
 .text.avr-libc
                0x00006e4c       0x1c C:/Program Files (x86)/Atmel/Studio/7.0/Packs/atmel/ATmega_DFP/1.0.90/gcc/dev/atmega328/avr5\libatmega328.a(eewr_byte.o)
                0x00006e4c                eeprom_write_byte
                0x00006e4e                eeprom_write_r18
 .text.avr-libc
                0x00006e68       0x20 C:/Program Files (x86)/Atmel/Studio/7.0/Packs/atmel/ATmega_DFP/1.0.90/gcc/dev/atmega328/avr5\libatmega328.a(eerd_block.o)
                0x00006e68                eeprom_read_block
                0x00006e6c                eeprom_read_blraw
                0x00006e88                . = ALIGN (0x2)
 *(.fini9)
 .fini9         0x00006e88        0x0 c:/program files (x86)/atmel/studio/7.0/toolchain/avr8/avr8-gnu-toolchain/bin/../lib/gcc/avr/4.9.2/avr5\libgcc.a(_exit.o)
                0x00006e88                _exit
                0x00006e88                exit
 *(.fini9)
 *(.fini8)
 *(.fini8)
 *(.fini7)
 *(.fini7)
 *(.fini6)
 *(.fini6)
 *(.fini5)
 *(.fini5)
 *(.fini4)
 *(.fini4)
 *(.fini3)
 *(.fini3)
 *(.fini2)
 *(.fini2)
 *(.fini1)
 *(.fini1)
 *(.fini0)
 .fini0         0x00006e88        0x4 c:/program files (x86)/atmel/studio/7.0/toolchain/avr8/avr8-gnu-toolchain/bin/../lib/gcc/avr/4.9.2/avr5\libgcc.a(_exit.o)
 *(.fini0)
                0x00006e8c                _etext = .

.data           0x00800100        0x0 load address 0x00006e8c
                0x00800100                PROVIDE (__data_start, .)
 *(.data)
 *(.data*)
 *(.rodata)
 *(.rodata*)
 *(.gnu.linkonce.d*)
                0x00800100                . = ALIGN (0x2)
                0x00800100                _edata = .
                0x00800100                PROVIDE (__data_end, .)

.bss            0x00800100       0xb8
                0x00800100                PROVIDE (__bss_start, .)
 *(.bss)
 *(.bss*)
 .bss.IR_RelaxTime
                0x00800100        0x1 IR.o
                0x00800100                IR_RelaxTime
 .bss.IR_State  0x00800101        0x1 IR.o
                0x00800101                IR_State
 *(COMMON)
 COMMON         0x00800102        0x6 IR.o
                0x00800102                IR_Code
 COMMON         0x00800108       0xab main.o
                0x00800108                Check
                0x00800111                Resistors
                0x00800126                UI
                0x0080012f                OutBuffer
                0x0080013b                Caps
                0x0080015c                Diodes
                0x00800180                RunsPassed
                0x00800181                Semi
                0x0080018e                RunsMissed
                0x0080018f                Probes
                0x0080019b                NV
                0x008001a6                Inductor
                0x008001ab                Config
 COMMON         0x008001b3        0x5 ST7565R_SPI.o
                0x008001b3                SymbolLeft
                0x008001b4                SymbolBottom
                0x008001b5                X_Start
                0x008001b6                SymbolRight
                0x008001b7                SymbolTop
                0x008001b8                PROVIDE (__bss_end, .)
                0x00006e8c                __data_load_start = LOADADDR (.data)
                0x00006e8c                __data_load_end = (__data_load_start + SIZEOF (.data))

.noinit         0x008001b8        0x0
                0x008001b8                PROVIDE (__noinit_start, .)
 *(.noinit*)
                0x008001b8                PROVIDE (__noinit_end, .)
                0x008001b8                _end = .
                0x008001b8                PROVIDE (__heap_start, .)

.eeprom         0x00810000      0x2e3
 *(.eeprom*)
 .eeprom        0x00810000      0x2e3 main.o
                0x00810000                ADC_table
                0x00810003                Rh_table
                0x00810006                Rl_table
                0x00810009                Inductor_table
                0x00810049                PWM_Freq_table
                0x00810059                SmallCap_table
                0x0081006b                LargeCap_table
                0x008100c5                Prefix_table
                0x008100cc                Version_str
                0x008100d3                Resistor_str
                0x008100d8                Diode_CA_str
                0x008100dc                Diode_AC_str
                0x008100e0                Cap_str
                0x008100e4                IR_SIRC_str
                0x008100e9                IR_Sharp_str
                0x008100ef                IR_Samsung_str
                0x008100f4                IR_RC6_str
                0x008100f9                IR_RC5_str
                0x008100fe                IR_Proton_str
                0x00810103                IR_NEC_str
                0x00810107                IR_Motorola_str
                0x0081010b                IR_Matsushita_str
                0x00810110                IR_Kaseikyo_str
                0x00810114                IR_JVC_str
                0x00810118                IR_Probes_str
                0x00810128                PWM_Probes_str
                0x0081012d                Hertz_str
                0x00810130                PWM_str
                0x00810134                ESR_Probes_str
                0x00810138                ESR_str
                0x0081013c                Probes_str
                0x00810141                Profile2_str
                0x00810144                Profile1_str
                0x00810147                Checksum_str
                0x00810150                CompOffset_str
                0x00810156                Vcc_str
                0x0081015a                ROffset_str
                0x0081015d                CapOffset_str
                0x00810160                ProbeComb_str
                0x00810169                Rh_str
                0x0081016e                Rl_str
                0x00810173                RiHigh_str
                0x00810177                RiLow_str
                0x0081017b                RhHigh_str
                0x0081017f                RhLow_str
                0x00810183                URef_str
                0x00810188                Timeout_str
                0x00810190                I_R_str
                0x00810194                Vth_str
                0x00810198                DiodeCap_str
                0x0081019a                Vf_str
                0x0081019d                I_CEO_str
                0x008101a3                V_GT_str
                0x008101a8                V_BE_str
                0x008101ad                hFE_str
                0x008101b2                PNP_str
                0x008101b6                NPN_str
                0x008101ba                GateCap_str
                0x008101be                IGBT_str
                0x008101c3                Depletion_str
                0x008101c8                Enhancement_str
                0x008101cd                Channel_str
                0x008101d1                FET_str
                0x008101d5                MOS_str
                0x008101d9                OK_str
                0x008101dc                Battery_str
                0x008101e1                Edition_str
                0x008101e8                Tester_str
                0x008101f9                IR_Detector_str
                0x00810205                Contrast_str
                0x0081020e                TurnRight_str
                0x0081021a                Encoder_str
                0x00810229                Bye_str
                0x0081022e                Triac_str
                0x00810234                Thyristor_str
                0x00810238                BJT_str
                0x0081023c                Exit_str
                0x00810241                Error_str
                0x00810248                DischargeFailed_str
                0x00810251                ShortCircuit_str
                0x00810260                Create_str
                0x00810267                Remove_str
                0x0081026e                Show_str
                0x0081027a                Load_str
                0x0081027f                Save_str
                0x00810284                Adjustment_str
                0x0081028f                Selftest_str
                0x00810298                Select_str
                0x0081029f                Done_str
                0x008102a5                Failed2_str
                0x008102ac                Failed1_str
                0x008102b9                Low_str
                0x008102bd                Weak_str
                0x008102c2                Running_str
                0x008102cd                NV_EE2
                0x008102d8                NV_EE
                0x008102e3                __eeprom_end = .

.fuse
 *(.fuse)
 *(.lfuse)
 *(.hfuse)
 *(.efuse)

.lock
 *(.lock*)

.signature
 *(.signature*)

.user_signatures
 *(.user_signatures*)

.stab
 *(.stab)

.stabstr
 *(.stabstr)

.stab.excl
 *(.stab.excl)

.stab.exclstr
 *(.stab.exclstr)

.stab.index
 *(.stab.index)

.stab.indexstr
 *(.stab.indexstr)

.comment        0x00000000       0x30
 *(.comment)
 .comment       0x00000000       0x30 ADC.o
                                 0x31 (size before relaxing)
 .comment       0x00000030       0x31 adjust.o
 .comment       0x00000030       0x31 cap.o
 .comment       0x00000030       0x31 display.o
 .comment       0x00000030       0x31 extras.o
 .comment       0x00000030       0x31 inductor.o
 .comment       0x00000030       0x31 IR.o
 .comment       0x00000030       0x31 main.o
 .comment       0x00000030       0x31 pause.o
 .comment       0x00000030       0x31 probes.o
 .comment       0x00000030       0x31 resistor.o
 .comment       0x00000030       0x31 semi.o
 .comment       0x00000030       0x31 ST7565R_SPI.o
 .comment       0x00000030       0x31 user.o

.note.gnu.avr.deviceinfo
                0x00000000       0x3c
 .note.gnu.avr.deviceinfo
                0x00000000       0x3c C:/Program Files (x86)/Atmel/Studio/7.0/Packs/atmel/ATmega_DFP/1.0.90/gcc/dev/atmega328/avr5/crtatmega328.o

.note.gnu.build-id
 *(.note.gnu.build-id)

.debug
 *(.debug)

.line
 *(.line)

.debug_srcinfo
 *(.debug_srcinfo)

.debug_sfnames
 *(.debug_sfnames)

.debug_aranges  0x00000000      0x490
 *(.debug_aranges)
 .debug_aranges
                0x00000000       0x30 ADC.o
 .debug_aranges
                0x00000030       0x48 adjust.o
 .debug_aranges
                0x00000078       0x48 cap.o
 .debug_aranges
                0x000000c0       0x60 display.o
 .debug_aranges
                0x00000120       0x40 extras.o
 .debug_aranges
                0x00000160       0x28 inductor.o
 .debug_aranges
                0x00000188       0x60 IR.o
 .debug_aranges
                0x000001e8       0xa0 main.o
 .debug_aranges
                0x00000288       0x28 pause.o
 .debug_aranges
                0x000002b0       0x50 probes.o
 .debug_aranges
                0x00000300       0x30 resistor.o
 .debug_aranges
                0x00000330       0x58 semi.o
 .debug_aranges
                0x00000388       0x88 ST7565R_SPI.o
 .debug_aranges
                0x00000410       0x80 user.o

.debug_pubnames
 *(.debug_pubnames)

.debug_info     0x00000000     0xb01c
 *(.debug_info .gnu.linkonce.wi.*)
 .debug_info    0x00000000      0x306 ADC.o
 .debug_info    0x00000306      0xeb9 adjust.o
 .debug_info    0x000011bf      0xc6c cap.o
 .debug_info    0x00001e2b      0x42c display.o
 .debug_info    0x00002257      0xb96 extras.o
 .debug_info    0x00002ded      0x6b9 inductor.o
 .debug_info    0x000034a6     0x1660 IR.o
 .debug_info    0x00004b06     0x286d main.o
 .debug_info    0x00007373      0x195 pause.o
 .debug_info    0x00007508      0xa13 probes.o
 .debug_info    0x00007f1b      0x80a resistor.o
 .debug_info    0x00008725      0xbd5 semi.o
 .debug_info    0x000092fa      0xbd3 ST7565R_SPI.o
 .debug_info    0x00009ecd     0x114f user.o

.debug_abbrev   0x00000000     0x210a
 *(.debug_abbrev)
 .debug_abbrev  0x00000000      0x190 ADC.o
 .debug_abbrev  0x00000190      0x231 adjust.o
 .debug_abbrev  0x000003c1      0x317 cap.o
 .debug_abbrev  0x000006d8      0x157 display.o
 .debug_abbrev  0x0000082f      0x28b extras.o
 .debug_abbrev  0x00000aba      0x225 inductor.o
 .debug_abbrev  0x00000cdf      0x2cd IR.o
 .debug_abbrev  0x00000fac      0x34f main.o
 .debug_abbrev  0x000012fb       0xce pause.o
 .debug_abbrev  0x000013c9      0x2d3 probes.o
 .debug_abbrev  0x0000169c      0x228 resistor.o
 .debug_abbrev  0x000018c4      0x2d6 semi.o
 .debug_abbrev  0x00001b9a      0x2b3 ST7565R_SPI.o
 .debug_abbrev  0x00001e4d      0x2bd user.o

.debug_line     0x00000000     0x2b2b
 *(.debug_line .debug_line.* .debug_line_end)
 .debug_line    0x00000000      0x198 ADC.o
 .debug_line    0x00000198      0x327 adjust.o
 .debug_line    0x000004bf      0x45d cap.o
 .debug_line    0x0000091c      0x1d7 display.o
 .debug_line    0x00000af3      0x28e extras.o
 .debug_line    0x00000d81      0x210 inductor.o
 .debug_line    0x00000f91      0x484 IR.o
 .debug_line    0x00001415      0x560 main.o
 .debug_line    0x00001975       0xfd pause.o
 .debug_line    0x00001a72      0x330 probes.o
 .debug_line    0x00001da2      0x29b resistor.o
 .debug_line    0x0000203d      0x3f7 semi.o
 .debug_line    0x00002434      0x2f4 ST7565R_SPI.o
 .debug_line    0x00002728      0x403 user.o

.debug_frame    0x00000000     0x1388
 *(.debug_frame)
 .debug_frame   0x00000000       0x88 ADC.o
 .debug_frame   0x00000088      0x164 adjust.o
 .debug_frame   0x000001ec      0x1bc cap.o
 .debug_frame   0x000003a8       0xd0 display.o
 .debug_frame   0x00000478      0x108 extras.o
 .debug_frame   0x00000580       0x9c inductor.o
 .debug_frame   0x0000061c      0x20c IR.o
 .debug_frame   0x00000828      0x274 main.o
 .debug_frame   0x00000a9c       0x54 pause.o
 .debug_frame   0x00000af0      0x154 probes.o
 .debug_frame   0x00000c44      0x110 resistor.o
 .debug_frame   0x00000d54      0x20c semi.o
 .debug_frame   0x00000f60      0x180 ST7565R_SPI.o
 .debug_frame   0x000010e0      0x2a8 user.o

.debug_str      0x00000000     0x128d
 *(.debug_str)
 .debug_str     0x00000000      0x205 ADC.o
                                0x252 (size before relaxing)
 .debug_str     0x00000205      0x2de adjust.o
                                0x501 (size before relaxing)
 .debug_str     0x000004e3      0x17b cap.o
                                0x478 (size before relaxing)
 .debug_str     0x0000065e       0x9d display.o
                                0x2d8 (size before relaxing)
 .debug_str     0x000006fb       0xf8 extras.o
                                0x47d (size before relaxing)
 .debug_str     0x000007f3       0x71 inductor.o
                                0x3d0 (size before relaxing)
 .debug_str     0x00000864      0x1bb IR.o
                                0x4b2 (size before relaxing)
 .debug_str     0x00000a1f      0x46f main.o
                                0xb26 (size before relaxing)
 .debug_str     0x00000e8e       0x20 pause.o
                                0x207 (size before relaxing)
 .debug_str     0x00000eae       0xed probes.o
                                0x482 (size before relaxing)
 .debug_str     0x00000f9b       0x60 resistor.o
                                0x3e2 (size before relaxing)
 .debug_str     0x00000ffb       0xd8 semi.o
                                0x4bc (size before relaxing)
 .debug_str     0x000010d3       0xcf ST7565R_SPI.o
                                0x434 (size before relaxing)
 .debug_str     0x000011a2       0xeb user.o
                                0x60d (size before relaxing)

.debug_loc      0x00000000     0xb0aa
 *(.debug_loc)
 .debug_loc     0x00000000      0x240 ADC.o
 .debug_loc     0x00000240      0xe24 adjust.o
 .debug_loc     0x00001064     0x1403 cap.o
 .debug_loc     0x00002467      0x209 display.o
 .debug_loc     0x00002670      0x7d7 extras.o
 .debug_loc     0x00002e47      0x76a inductor.o
 .debug_loc     0x000035b1     0x21dc IR.o
 .debug_loc     0x0000578d      0xd05 main.o
 .debug_loc     0x00006492      0x16d pause.o
 .debug_loc     0x000065ff      0x9bb probes.o
 .debug_loc     0x00006fba      0xee4 resistor.o
 .debug_loc     0x00007e9e     0x1351 semi.o
 .debug_loc     0x000091ef      0x8dc ST7565R_SPI.o
 .debug_loc     0x00009acb     0x15df user.o

.debug_macinfo
 *(.debug_macinfo)

.debug_weaknames
 *(.debug_weaknames)

.debug_funcnames
 *(.debug_funcnames)

.debug_typenames
 *(.debug_typenames)

.debug_varnames
 *(.debug_varnames)

.debug_pubtypes
 *(.debug_pubtypes)

.debug_ranges   0x00000000      0x400
 *(.debug_ranges)
 .debug_ranges  0x00000000       0x20 ADC.o
 .debug_ranges  0x00000020       0x38 adjust.o
 .debug_ranges  0x00000058       0x38 cap.o
 .debug_ranges  0x00000090       0x50 display.o
 .debug_ranges  0x000000e0       0x30 extras.o
 .debug_ranges  0x00000110       0x18 inductor.o
 .debug_ranges  0x00000128       0x50 IR.o
 .debug_ranges  0x00000178       0xc8 main.o
 .debug_ranges  0x00000240       0x18 pause.o
 .debug_ranges  0x00000258       0x40 probes.o
 .debug_ranges  0x00000298       0x20 resistor.o
 .debug_ranges  0x000002b8       0x48 semi.o
 .debug_ranges  0x00000300       0x78 ST7565R_SPI.o
 .debug_ranges  0x00000378       0x88 user.o

.debug_macro
 *(.debug_macro)
OUTPUT(ArduinoTransistorTester.elf elf32-avr)
LOAD linker stubs
